Archive member included because of file (symbol)

c:/freescale/kds_v3/toolchain/bin/../lib/gcc/arm-none-eabi/4.8.4/armv6-m\libgcc.a(_udivsi3.o)
                              ./Sources/drv_systick.o (__aeabi_uidiv)
c:/freescale/kds_v3/toolchain/bin/../lib/gcc/arm-none-eabi/4.8.4/armv6-m\libgcc.a(_dvmd_tls.o)
                              c:/freescale/kds_v3/toolchain/bin/../lib/gcc/arm-none-eabi/4.8.4/armv6-m\libgcc.a(_udivsi3.o) (__aeabi_idiv0)
c:/freescale/kds_v3/toolchain/bin/../lib/gcc/arm-none-eabi/4.8.4/../../../../arm-none-eabi/lib/armv6-m\libg_s.a(lib_a-exit.o)
                              c:/freescale/kds_v3/toolchain/bin/../lib/gcc/arm-none-eabi/4.8.4/../../../../arm-none-eabi/lib/armv6-m/crt0.o (exit)
c:/freescale/kds_v3/toolchain/bin/../lib/gcc/arm-none-eabi/4.8.4/../../../../arm-none-eabi/lib/armv6-m\libg_s.a(lib_a-impure.o)
                              c:/freescale/kds_v3/toolchain/bin/../lib/gcc/arm-none-eabi/4.8.4/../../../../arm-none-eabi/lib/armv6-m\libg_s.a(lib_a-exit.o) (_global_impure_ptr)
c:/freescale/kds_v3/toolchain/bin/../lib/gcc/arm-none-eabi/4.8.4/../../../../arm-none-eabi/lib/armv6-m\libg_s.a(lib_a-init.o)
                              c:/freescale/kds_v3/toolchain/bin/../lib/gcc/arm-none-eabi/4.8.4/../../../../arm-none-eabi/lib/armv6-m/crt0.o (__libc_init_array)
c:/freescale/kds_v3/toolchain/bin/../lib/gcc/arm-none-eabi/4.8.4/../../../../arm-none-eabi/lib/armv6-m\libg_s.a(lib_a-memset.o)
                              c:/freescale/kds_v3/toolchain/bin/../lib/gcc/arm-none-eabi/4.8.4/../../../../arm-none-eabi/lib/armv6-m/crt0.o (memset)
c:/freescale/kds_v3/toolchain/bin/../lib/gcc/arm-none-eabi/4.8.4/../../../../arm-none-eabi/lib/armv6-m\libnosys.a(_exit.o)
                              c:/freescale/kds_v3/toolchain/bin/../lib/gcc/arm-none-eabi/4.8.4/../../../../arm-none-eabi/lib/armv6-m\libg_s.a(lib_a-exit.o) (_exit)

Allocating common symbols
Common symbol       size              file

gmsf_delaycnt       0x4               ./Sources/drv_systick.o
gmsf_systime        0x4               ./Sources/drv_systick.o

Discarded input sections

 .text          0x00000000        0x0 c:/freescale/kds_v3/toolchain/bin/../lib/gcc/arm-none-eabi/4.8.4/armv6-m/crti.o
 .data          0x00000000        0x0 c:/freescale/kds_v3/toolchain/bin/../lib/gcc/arm-none-eabi/4.8.4/armv6-m/crti.o
 .bss           0x00000000        0x0 c:/freescale/kds_v3/toolchain/bin/../lib/gcc/arm-none-eabi/4.8.4/armv6-m/crti.o
 .data          0x00000000        0x4 c:/freescale/kds_v3/toolchain/bin/../lib/gcc/arm-none-eabi/4.8.4/armv6-m/crtbegin.o
 .data          0x00000000        0x0 c:/freescale/kds_v3/toolchain/bin/../lib/gcc/arm-none-eabi/4.8.4/../../../../arm-none-eabi/lib/armv6-m/crt0.o
 .bss           0x00000000        0x0 c:/freescale/kds_v3/toolchain/bin/../lib/gcc/arm-none-eabi/4.8.4/../../../../arm-none-eabi/lib/armv6-m/crt0.o
 .ARM.extab     0x00000000        0x0 c:/freescale/kds_v3/toolchain/bin/../lib/gcc/arm-none-eabi/4.8.4/../../../../arm-none-eabi/lib/armv6-m/crt0.o
 .group         0x00000000        0x8 ./Sources/drv_gpio.o
 .group         0x00000000        0x8 ./Sources/drv_gpio.o
 .group         0x00000000        0x8 ./Sources/drv_gpio.o
 .group         0x00000000        0x8 ./Sources/drv_gpio.o
 .group         0x00000000        0x8 ./Sources/drv_gpio.o
 .group         0x00000000        0x8 ./Sources/drv_gpio.o
 .group         0x00000000        0x8 ./Sources/drv_gpio.o
 .group         0x00000000        0x8 ./Sources/drv_gpio.o
 .group         0x00000000        0x8 ./Sources/drv_gpio.o
 .group         0x00000000        0x8 ./Sources/drv_gpio.o
 .group         0x00000000        0x8 ./Sources/drv_gpio.o
 .group         0x00000000        0x8 ./Sources/drv_gpio.o
 .text          0x00000000        0x0 ./Sources/drv_gpio.o
 .data          0x00000000        0x0 ./Sources/drv_gpio.o
 .bss           0x00000000        0x0 ./Sources/drv_gpio.o
 .text.pinWrite
                0x00000000       0xac ./Sources/drv_gpio.o
 .rodata.pinWrite
                0x00000000       0x40 ./Sources/drv_gpio.o
 .group         0x00000000        0x8 ./Sources/drv_lcd.o
 .group         0x00000000        0x8 ./Sources/drv_lcd.o
 .group         0x00000000        0x8 ./Sources/drv_lcd.o
 .group         0x00000000        0x8 ./Sources/drv_lcd.o
 .group         0x00000000        0x8 ./Sources/drv_lcd.o
 .group         0x00000000        0x8 ./Sources/drv_lcd.o
 .group         0x00000000        0x8 ./Sources/drv_lcd.o
 .group         0x00000000        0x8 ./Sources/drv_lcd.o
 .group         0x00000000        0x8 ./Sources/drv_lcd.o
 .group         0x00000000        0x8 ./Sources/drv_lcd.o
 .group         0x00000000        0x8 ./Sources/drv_lcd.o
 .text          0x00000000        0x0 ./Sources/drv_lcd.o
 .data          0x00000000        0x0 ./Sources/drv_lcd.o
 .bss           0x00000000        0x0 ./Sources/drv_lcd.o
 .rodata.F_LCD_CHARS_MAX
                0x00000000        0x4 ./Sources/drv_lcd.o
 .text.LCD_backlight_on
                0x00000000       0x1c ./Sources/drv_lcd.o
 .text.LCD_backlight_off
                0x00000000       0x1c ./Sources/drv_lcd.o
 .debug_macro   0x00000000      0x808 ./Sources/drv_lcd.o
 .debug_macro   0x00000000       0x16 ./Sources/drv_lcd.o
 .debug_macro   0x00000000       0x16 ./Sources/drv_lcd.o
 .debug_macro   0x00000000       0x44 ./Sources/drv_lcd.o
 .debug_macro   0x00000000      0x209 ./Sources/drv_lcd.o
 .debug_macro   0x00000000       0x3a ./Sources/drv_lcd.o
 .debug_macro   0x00000000       0x3a ./Sources/drv_lcd.o
 .debug_macro   0x00000000       0x26 ./Sources/drv_lcd.o
 .debug_macro   0x00000000      0x306 ./Sources/drv_lcd.o
 .debug_macro   0x00000000       0xb7 ./Sources/drv_lcd.o
 .debug_macro   0x00000000     0x839f ./Sources/drv_lcd.o
 .group         0x00000000        0x8 ./Sources/drv_pracka.o
 .group         0x00000000        0x8 ./Sources/drv_pracka.o
 .group         0x00000000        0x8 ./Sources/drv_pracka.o
 .group         0x00000000        0x8 ./Sources/drv_pracka.o
 .group         0x00000000        0x8 ./Sources/drv_pracka.o
 .group         0x00000000        0x8 ./Sources/drv_pracka.o
 .group         0x00000000        0x8 ./Sources/drv_pracka.o
 .group         0x00000000        0x8 ./Sources/drv_pracka.o
 .group         0x00000000        0x8 ./Sources/drv_pracka.o
 .group         0x00000000        0x8 ./Sources/drv_pracka.o
 .group         0x00000000        0x8 ./Sources/drv_pracka.o
 .group         0x00000000        0x8 ./Sources/drv_pracka.o
 .group         0x00000000        0x8 ./Sources/drv_pracka.o
 .text          0x00000000        0x0 ./Sources/drv_pracka.o
 .data          0x00000000        0x0 ./Sources/drv_pracka.o
 .bss           0x00000000        0x0 ./Sources/drv_pracka.o
 .bss.i         0x00000000        0x4 ./Sources/drv_pracka.o
 .bss.vyber_teplota
                0x00000000        0x4 ./Sources/drv_pracka.o
 .bss.omyvat    0x00000000        0x1 ./Sources/drv_pracka.o
 .bss.napousteni_casovac
                0x00000000        0x4 ./Sources/drv_pracka.o
 .bss.topeni_casovac
                0x00000000        0x4 ./Sources/drv_pracka.o
 .bss.vyber_teplota_cas
                0x00000000        0x4 ./Sources/drv_pracka.o
 .bss.stav      0x00000000        0x1 ./Sources/drv_pracka.o
 .debug_macro   0x00000000      0x808 ./Sources/drv_pracka.o
 .debug_macro   0x00000000       0x16 ./Sources/drv_pracka.o
 .debug_macro   0x00000000       0x16 ./Sources/drv_pracka.o
 .debug_macro   0x00000000       0x44 ./Sources/drv_pracka.o
 .debug_macro   0x00000000      0x209 ./Sources/drv_pracka.o
 .debug_macro   0x00000000       0x3a ./Sources/drv_pracka.o
 .debug_macro   0x00000000       0x3a ./Sources/drv_pracka.o
 .debug_macro   0x00000000       0x26 ./Sources/drv_pracka.o
 .debug_macro   0x00000000      0x306 ./Sources/drv_pracka.o
 .debug_macro   0x00000000       0xb7 ./Sources/drv_pracka.o
 .debug_macro   0x00000000     0x839f ./Sources/drv_pracka.o
 .group         0x00000000        0x8 ./Sources/drv_systick.o
 .group         0x00000000        0x8 ./Sources/drv_systick.o
 .group         0x00000000        0x8 ./Sources/drv_systick.o
 .group         0x00000000        0x8 ./Sources/drv_systick.o
 .group         0x00000000        0x8 ./Sources/drv_systick.o
 .group         0x00000000        0x8 ./Sources/drv_systick.o
 .group         0x00000000        0x8 ./Sources/drv_systick.o
 .group         0x00000000        0x8 ./Sources/drv_systick.o
 .group         0x00000000        0x8 ./Sources/drv_systick.o
 .group         0x00000000        0x8 ./Sources/drv_systick.o
 .group         0x00000000        0x8 ./Sources/drv_systick.o
 .text          0x00000000        0x0 ./Sources/drv_systick.o
 .data          0x00000000        0x0 ./Sources/drv_systick.o
 .bss           0x00000000        0x0 ./Sources/drv_systick.o
 .text.SYSTICK_micros
                0x00000000       0x50 ./Sources/drv_systick.o
 .text.SYSTICK_delay_ms
                0x00000000       0x24 ./Sources/drv_systick.o
 .debug_macro   0x00000000      0x808 ./Sources/drv_systick.o
 .debug_macro   0x00000000       0x16 ./Sources/drv_systick.o
 .debug_macro   0x00000000       0x16 ./Sources/drv_systick.o
 .debug_macro   0x00000000       0x44 ./Sources/drv_systick.o
 .debug_macro   0x00000000      0x209 ./Sources/drv_systick.o
 .debug_macro   0x00000000       0x3a ./Sources/drv_systick.o
 .debug_macro   0x00000000       0x3a ./Sources/drv_systick.o
 .debug_macro   0x00000000       0x26 ./Sources/drv_systick.o
 .debug_macro   0x00000000      0x306 ./Sources/drv_systick.o
 .debug_macro   0x00000000       0xb7 ./Sources/drv_systick.o
 .debug_macro   0x00000000     0x839f ./Sources/drv_systick.o
 .group         0x00000000        0x8 ./Sources/drv_uart.o
 .group         0x00000000        0x8 ./Sources/drv_uart.o
 .group         0x00000000        0x8 ./Sources/drv_uart.o
 .group         0x00000000        0x8 ./Sources/drv_uart.o
 .group         0x00000000        0x8 ./Sources/drv_uart.o
 .group         0x00000000        0x8 ./Sources/drv_uart.o
 .group         0x00000000        0x8 ./Sources/drv_uart.o
 .group         0x00000000        0x8 ./Sources/drv_uart.o
 .group         0x00000000        0x8 ./Sources/drv_uart.o
 .group         0x00000000        0x8 ./Sources/drv_uart.o
 .group         0x00000000        0x8 ./Sources/drv_uart.o
 .group         0x00000000        0x8 ./Sources/drv_uart.o
 .text          0x00000000        0x0 ./Sources/drv_uart.o
 .data          0x00000000        0x0 ./Sources/drv_uart.o
 .bss           0x00000000        0x0 ./Sources/drv_uart.o
 .rodata.UTB_UART_CR
                0x00000000        0x1 ./Sources/drv_uart.o
 .rodata.UTB_UART_LF
                0x00000000        0x1 ./Sources/drv_uart.o
 .text.UART0_Initialize
                0x00000000       0xac ./Sources/drv_uart.o
 .text.UART0_Write
                0x00000000       0x30 ./Sources/drv_uart.o
 .text.UART0_Read
                0x00000000       0x44 ./Sources/drv_uart.o
 .text.UART0_Data_Available
                0x00000000       0x40 ./Sources/drv_uart.o
 .text.UART0_getch
                0x00000000       0x14 ./Sources/drv_uart.o
 .text.UART0_putch
                0x00000000       0x3c ./Sources/drv_uart.o
 .text.UART0_puts
                0x00000000       0x4c ./Sources/drv_uart.o
 .text.UART0_gets
                0x00000000       0x84 ./Sources/drv_uart.o
 .text.f_UART0_SetBaudrate
                0x00000000       0xb4 ./Sources/drv_uart.o
 .debug_info    0x00000000      0x5c5 ./Sources/drv_uart.o
 .debug_abbrev  0x00000000      0x1c1 ./Sources/drv_uart.o
 .debug_aranges
                0x00000000       0x60 ./Sources/drv_uart.o
 .debug_ranges  0x00000000       0x50 ./Sources/drv_uart.o
 .debug_macro   0x00000000       0x9e ./Sources/drv_uart.o
 .debug_macro   0x00000000      0x808 ./Sources/drv_uart.o
 .debug_macro   0x00000000       0x16 ./Sources/drv_uart.o
 .debug_macro   0x00000000       0x16 ./Sources/drv_uart.o
 .debug_macro   0x00000000       0x44 ./Sources/drv_uart.o
 .debug_macro   0x00000000      0x209 ./Sources/drv_uart.o
 .debug_macro   0x00000000       0x3a ./Sources/drv_uart.o
 .debug_macro   0x00000000       0x3a ./Sources/drv_uart.o
 .debug_macro   0x00000000       0x26 ./Sources/drv_uart.o
 .debug_macro   0x00000000      0x306 ./Sources/drv_uart.o
 .debug_macro   0x00000000       0xb7 ./Sources/drv_uart.o
 .debug_macro   0x00000000     0x839f ./Sources/drv_uart.o
 .debug_macro   0x00000000       0x16 ./Sources/drv_uart.o
 .debug_line    0x00000000      0x2be ./Sources/drv_uart.o
 .debug_str     0x00000000    0x3227e ./Sources/drv_uart.o
 .comment       0x00000000       0x71 ./Sources/drv_uart.o
 .ARM.attributes
                0x00000000       0x32 ./Sources/drv_uart.o
 .debug_frame   0x00000000      0x124 ./Sources/drv_uart.o
 .group         0x00000000        0x8 ./Sources/main.o
 .group         0x00000000        0x8 ./Sources/main.o
 .group         0x00000000        0x8 ./Sources/main.o
 .group         0x00000000        0x8 ./Sources/main.o
 .group         0x00000000        0x8 ./Sources/main.o
 .group         0x00000000        0x8 ./Sources/main.o
 .group         0x00000000        0x8 ./Sources/main.o
 .group         0x00000000        0x8 ./Sources/main.o
 .group         0x00000000        0x8 ./Sources/main.o
 .group         0x00000000        0x8 ./Sources/main.o
 .group         0x00000000        0x8 ./Sources/main.o
 .group         0x00000000        0x8 ./Sources/main.o
 .group         0x00000000        0x8 ./Sources/main.o
 .group         0x00000000        0x8 ./Sources/main.o
 .group         0x00000000        0x8 ./Sources/main.o
 .group         0x00000000        0x8 ./Sources/main.o
 .group         0x00000000        0x8 ./Sources/main.o
 .group         0x00000000        0x8 ./Sources/main.o
 .group         0x00000000        0x8 ./Sources/main.o
 .group         0x00000000        0x8 ./Sources/main.o
 .group         0x00000000        0x8 ./Sources/main.o
 .group         0x00000000        0x8 ./Sources/main.o
 .group         0x00000000        0x8 ./Sources/main.o
 .group         0x00000000        0x8 ./Sources/main.o
 .group         0x00000000        0x8 ./Sources/main.o
 .group         0x00000000        0x8 ./Sources/main.o
 .group         0x00000000        0x8 ./Sources/main.o
 .group         0x00000000        0x8 ./Sources/main.o
 .group         0x00000000        0x8 ./Sources/main.o
 .group         0x00000000        0x8 ./Sources/main.o
 .text          0x00000000        0x0 ./Sources/main.o
 .data          0x00000000        0x0 ./Sources/main.o
 .bss           0x00000000        0x0 ./Sources/main.o
 .bss.i         0x00000000        0x4 ./Sources/main.o
 .bss.napousteni_casovac
                0x00000000        0x4 ./Sources/main.o
 .bss.topeni_casovac
                0x00000000        0x4 ./Sources/main.o
 .bss.topeni_krok.5530
                0x00000000        0x4 ./Sources/main.o
 .debug_macro   0x00000000      0x808 ./Sources/main.o
 .debug_macro   0x00000000       0x16 ./Sources/main.o
 .debug_macro   0x00000000       0x16 ./Sources/main.o
 .debug_macro   0x00000000       0x44 ./Sources/main.o
 .debug_macro   0x00000000      0x209 ./Sources/main.o
 .debug_macro   0x00000000       0x3a ./Sources/main.o
 .debug_macro   0x00000000       0x3a ./Sources/main.o
 .debug_macro   0x00000000       0x26 ./Sources/main.o
 .debug_macro   0x00000000      0x306 ./Sources/main.o
 .debug_macro   0x00000000       0xb7 ./Sources/main.o
 .debug_macro   0x00000000     0x839f ./Sources/main.o
 .debug_macro   0x00000000       0x16 ./Sources/main.o
 .debug_macro   0x00000000       0x22 ./Sources/main.o
 .debug_macro   0x00000000       0x9a ./Sources/main.o
 .data          0x00000000        0x0 ./Project_Settings/Startup_Code/startup_MKL25Z4.o
 .bss           0x00000000        0x0 ./Project_Settings/Startup_Code/startup_MKL25Z4.o
 .group         0x00000000        0x8 ./Project_Settings/Startup_Code/system_MKL25Z4.o
 .group         0x00000000        0x8 ./Project_Settings/Startup_Code/system_MKL25Z4.o
 .group         0x00000000        0x8 ./Project_Settings/Startup_Code/system_MKL25Z4.o
 .group         0x00000000        0x8 ./Project_Settings/Startup_Code/system_MKL25Z4.o
 .group         0x00000000        0x8 ./Project_Settings/Startup_Code/system_MKL25Z4.o
 .group         0x00000000        0x8 ./Project_Settings/Startup_Code/system_MKL25Z4.o
 .group         0x00000000        0x8 ./Project_Settings/Startup_Code/system_MKL25Z4.o
 .group         0x00000000        0x8 ./Project_Settings/Startup_Code/system_MKL25Z4.o
 .group         0x00000000        0x8 ./Project_Settings/Startup_Code/system_MKL25Z4.o
 .group         0x00000000        0x8 ./Project_Settings/Startup_Code/system_MKL25Z4.o
 .text          0x00000000        0x0 ./Project_Settings/Startup_Code/system_MKL25Z4.o
 .data          0x00000000        0x0 ./Project_Settings/Startup_Code/system_MKL25Z4.o
 .bss           0x00000000        0x0 ./Project_Settings/Startup_Code/system_MKL25Z4.o
 .text.SystemCoreClockUpdate
                0x00000000      0x23c ./Project_Settings/Startup_Code/system_MKL25Z4.o
 .debug_macro   0x00000000      0x808 ./Project_Settings/Startup_Code/system_MKL25Z4.o
 .debug_macro   0x00000000       0x16 ./Project_Settings/Startup_Code/system_MKL25Z4.o
 .debug_macro   0x00000000       0x44 ./Project_Settings/Startup_Code/system_MKL25Z4.o
 .debug_macro   0x00000000      0x209 ./Project_Settings/Startup_Code/system_MKL25Z4.o
 .debug_macro   0x00000000       0x3a ./Project_Settings/Startup_Code/system_MKL25Z4.o
 .debug_macro   0x00000000       0x26 ./Project_Settings/Startup_Code/system_MKL25Z4.o
 .debug_macro   0x00000000      0x306 ./Project_Settings/Startup_Code/system_MKL25Z4.o
 .debug_macro   0x00000000       0xb7 ./Project_Settings/Startup_Code/system_MKL25Z4.o
 .debug_macro   0x00000000     0x839f ./Project_Settings/Startup_Code/system_MKL25Z4.o
 .data          0x00000000        0x0 c:/freescale/kds_v3/toolchain/bin/../lib/gcc/arm-none-eabi/4.8.4/armv6-m\libgcc.a(_udivsi3.o)
 .bss           0x00000000        0x0 c:/freescale/kds_v3/toolchain/bin/../lib/gcc/arm-none-eabi/4.8.4/armv6-m\libgcc.a(_udivsi3.o)
 .data          0x00000000        0x0 c:/freescale/kds_v3/toolchain/bin/../lib/gcc/arm-none-eabi/4.8.4/armv6-m\libgcc.a(_dvmd_tls.o)
 .bss           0x00000000        0x0 c:/freescale/kds_v3/toolchain/bin/../lib/gcc/arm-none-eabi/4.8.4/armv6-m\libgcc.a(_dvmd_tls.o)
 .text          0x00000000        0x0 c:/freescale/kds_v3/toolchain/bin/../lib/gcc/arm-none-eabi/4.8.4/../../../../arm-none-eabi/lib/armv6-m\libg_s.a(lib_a-exit.o)
 .data          0x00000000        0x0 c:/freescale/kds_v3/toolchain/bin/../lib/gcc/arm-none-eabi/4.8.4/../../../../arm-none-eabi/lib/armv6-m\libg_s.a(lib_a-exit.o)
 .bss           0x00000000        0x0 c:/freescale/kds_v3/toolchain/bin/../lib/gcc/arm-none-eabi/4.8.4/../../../../arm-none-eabi/lib/armv6-m\libg_s.a(lib_a-exit.o)
 .text          0x00000000        0x0 c:/freescale/kds_v3/toolchain/bin/../lib/gcc/arm-none-eabi/4.8.4/../../../../arm-none-eabi/lib/armv6-m\libg_s.a(lib_a-impure.o)
 .data          0x00000000        0x0 c:/freescale/kds_v3/toolchain/bin/../lib/gcc/arm-none-eabi/4.8.4/../../../../arm-none-eabi/lib/armv6-m\libg_s.a(lib_a-impure.o)
 .bss           0x00000000        0x0 c:/freescale/kds_v3/toolchain/bin/../lib/gcc/arm-none-eabi/4.8.4/../../../../arm-none-eabi/lib/armv6-m\libg_s.a(lib_a-impure.o)
 .data._impure_ptr
                0x00000000        0x4 c:/freescale/kds_v3/toolchain/bin/../lib/gcc/arm-none-eabi/4.8.4/../../../../arm-none-eabi/lib/armv6-m\libg_s.a(lib_a-impure.o)
 .text          0x00000000        0x0 c:/freescale/kds_v3/toolchain/bin/../lib/gcc/arm-none-eabi/4.8.4/../../../../arm-none-eabi/lib/armv6-m\libg_s.a(lib_a-init.o)
 .data          0x00000000        0x0 c:/freescale/kds_v3/toolchain/bin/../lib/gcc/arm-none-eabi/4.8.4/../../../../arm-none-eabi/lib/armv6-m\libg_s.a(lib_a-init.o)
 .bss           0x00000000        0x0 c:/freescale/kds_v3/toolchain/bin/../lib/gcc/arm-none-eabi/4.8.4/../../../../arm-none-eabi/lib/armv6-m\libg_s.a(lib_a-init.o)
 .text          0x00000000        0x0 c:/freescale/kds_v3/toolchain/bin/../lib/gcc/arm-none-eabi/4.8.4/../../../../arm-none-eabi/lib/armv6-m\libg_s.a(lib_a-memset.o)
 .data          0x00000000        0x0 c:/freescale/kds_v3/toolchain/bin/../lib/gcc/arm-none-eabi/4.8.4/../../../../arm-none-eabi/lib/armv6-m\libg_s.a(lib_a-memset.o)
 .bss           0x00000000        0x0 c:/freescale/kds_v3/toolchain/bin/../lib/gcc/arm-none-eabi/4.8.4/../../../../arm-none-eabi/lib/armv6-m\libg_s.a(lib_a-memset.o)
 .text          0x00000000        0x0 c:/freescale/kds_v3/toolchain/bin/../lib/gcc/arm-none-eabi/4.8.4/../../../../arm-none-eabi/lib/armv6-m\libnosys.a(_exit.o)
 .data          0x00000000        0x0 c:/freescale/kds_v3/toolchain/bin/../lib/gcc/arm-none-eabi/4.8.4/../../../../arm-none-eabi/lib/armv6-m\libnosys.a(_exit.o)
 .bss           0x00000000        0x0 c:/freescale/kds_v3/toolchain/bin/../lib/gcc/arm-none-eabi/4.8.4/../../../../arm-none-eabi/lib/armv6-m\libnosys.a(_exit.o)
 .text          0x00000000        0x0 c:/freescale/kds_v3/toolchain/bin/../lib/gcc/arm-none-eabi/4.8.4/armv6-m/crtend.o
 .data          0x00000000        0x0 c:/freescale/kds_v3/toolchain/bin/../lib/gcc/arm-none-eabi/4.8.4/armv6-m/crtend.o
 .bss           0x00000000        0x0 c:/freescale/kds_v3/toolchain/bin/../lib/gcc/arm-none-eabi/4.8.4/armv6-m/crtend.o
 .eh_frame      0x00000000        0x4 c:/freescale/kds_v3/toolchain/bin/../lib/gcc/arm-none-eabi/4.8.4/armv6-m/crtend.o
 .text          0x00000000        0x0 c:/freescale/kds_v3/toolchain/bin/../lib/gcc/arm-none-eabi/4.8.4/armv6-m/crtn.o
 .data          0x00000000        0x0 c:/freescale/kds_v3/toolchain/bin/../lib/gcc/arm-none-eabi/4.8.4/armv6-m/crtn.o
 .bss           0x00000000        0x0 c:/freescale/kds_v3/toolchain/bin/../lib/gcc/arm-none-eabi/4.8.4/armv6-m/crtn.o

Memory Configuration

Name             Origin             Length             Attributes
m_interrupts     0x00000000         0x00000100         xr
m_flash_config   0x00000400         0x00000010         xr
m_text           0x00000410         0x0001fbf0         xr
m_data           0x1ffff000         0x00004000         rw
*default*        0x00000000         0xffffffff

Linker script and memory map

LOAD c:/freescale/kds_v3/toolchain/bin/../lib/gcc/arm-none-eabi/4.8.4/armv6-m/crti.o
LOAD c:/freescale/kds_v3/toolchain/bin/../lib/gcc/arm-none-eabi/4.8.4/armv6-m/crtbegin.o
LOAD c:/freescale/kds_v3/toolchain/bin/../lib/gcc/arm-none-eabi/4.8.4/../../../../arm-none-eabi/lib/armv6-m/crt0.o
LOAD ./Sources/drv_gpio.o
LOAD ./Sources/drv_lcd.o
LOAD ./Sources/drv_pracka.o
LOAD ./Sources/drv_systick.o
LOAD ./Sources/drv_uart.o
LOAD ./Sources/main.o
LOAD ./Project_Settings/Startup_Code/startup_MKL25Z4.o
LOAD ./Project_Settings/Startup_Code/system_MKL25Z4.o
LOAD c:/freescale/kds_v3/toolchain/bin/../lib/gcc/arm-none-eabi/4.8.4/../../../../arm-none-eabi/lib/armv6-m\libstdc++_s.a
LOAD c:/freescale/kds_v3/toolchain/bin/../lib/gcc/arm-none-eabi/4.8.4/../../../../arm-none-eabi/lib/armv6-m\libm.a
START GROUP
LOAD c:/freescale/kds_v3/toolchain/bin/../lib/gcc/arm-none-eabi/4.8.4/armv6-m\libgcc.a
LOAD c:/freescale/kds_v3/toolchain/bin/../lib/gcc/arm-none-eabi/4.8.4/../../../../arm-none-eabi/lib/armv6-m\libg_s.a
LOAD c:/freescale/kds_v3/toolchain/bin/../lib/gcc/arm-none-eabi/4.8.4/../../../../arm-none-eabi/lib/armv6-m\libc_s.a
END GROUP
START GROUP
LOAD c:/freescale/kds_v3/toolchain/bin/../lib/gcc/arm-none-eabi/4.8.4/armv6-m\libgcc.a
LOAD c:/freescale/kds_v3/toolchain/bin/../lib/gcc/arm-none-eabi/4.8.4/../../../../arm-none-eabi/lib/armv6-m\libc_s.a
LOAD c:/freescale/kds_v3/toolchain/bin/../lib/gcc/arm-none-eabi/4.8.4/../../../../arm-none-eabi/lib/armv6-m\libnosys.a
END GROUP
START GROUP
LOAD c:/freescale/kds_v3/toolchain/bin/../lib/gcc/arm-none-eabi/4.8.4/armv6-m\libgcc.a
LOAD c:/freescale/kds_v3/toolchain/bin/../lib/gcc/arm-none-eabi/4.8.4/../../../../arm-none-eabi/lib/armv6-m\libc_s.a
LOAD c:/freescale/kds_v3/toolchain/bin/../lib/gcc/arm-none-eabi/4.8.4/../../../../arm-none-eabi/lib/armv6-m\libnosys.a
END GROUP
LOAD c:/freescale/kds_v3/toolchain/bin/../lib/gcc/arm-none-eabi/4.8.4/armv6-m/crtend.o
LOAD c:/freescale/kds_v3/toolchain/bin/../lib/gcc/arm-none-eabi/4.8.4/armv6-m/crtn.o
                0x00000400                HEAP_SIZE = DEFINED (__heap_size__)?__heap_size__:0x400
                0x00000400                STACK_SIZE = DEFINED (__stack_size__)?__stack_size__:0x400

.interrupts     0x00000000       0xc0
                0x00000000                __VECTOR_TABLE = .
                0x00000000                . = ALIGN (0x4)
 *(.isr_vector)
 .isr_vector    0x00000000       0xc0 ./Project_Settings/Startup_Code/startup_MKL25Z4.o
                0x00000000                __isr_vector
                0x000000c0                . = ALIGN (0x4)

.flash_config   0x00000400       0x10
                0x00000400                . = ALIGN (0x4)
 *(.FlashConfig)
 .FlashConfig   0x00000400       0x10 ./Project_Settings/Startup_Code/startup_MKL25Z4.o
                0x00000410                . = ALIGN (0x4)

.text           0x00000410     0x1d5c
                0x00000410                . = ALIGN (0x4)
 *(.text)
 .text          0x00000410       0x60 c:/freescale/kds_v3/toolchain/bin/../lib/gcc/arm-none-eabi/4.8.4/armv6-m/crtbegin.o
 .text          0x00000470       0x78 c:/freescale/kds_v3/toolchain/bin/../lib/gcc/arm-none-eabi/4.8.4/../../../../arm-none-eabi/lib/armv6-m/crt0.o
                0x00000470                _start
                0x00000470                _mainCRTStartup
 .text          0x000004e8       0x34 ./Project_Settings/Startup_Code/startup_MKL25Z4.o
                0x000004e8                Reset_Handler
                0x00000514                HardFault_Handler
                0x00000514                PendSV_Handler
                0x00000514                NMI_Handler
                0x00000514                I2C1_IRQHandler
                0x00000514                UART1_IRQHandler
                0x00000514                DMA2_IRQHandler
                0x00000514                TPM0_IRQHandler
                0x00000514                LLWU_IRQHandler
                0x00000514                TSI0_IRQHandler
                0x00000514                UART0_IRQHandler
                0x00000514                ADC0_IRQHandler
                0x00000514                Reserved39_IRQHandler
                0x00000514                SPI1_IRQHandler
                0x00000514                DefaultISR
                0x00000514                PORTD_IRQHandler
                0x00000514                TPM2_IRQHandler
                0x00000514                RTC_IRQHandler
                0x00000514                I2C0_IRQHandler
                0x00000514                RTC_Seconds_IRQHandler
                0x00000514                MCG_IRQHandler
                0x00000514                UART2_IRQHandler
                0x00000514                Reserved20_IRQHandler
                0x00000514                USB0_IRQHandler
                0x00000514                PIT_IRQHandler
                0x00000514                SVC_Handler
                0x00000514                DMA3_IRQHandler
                0x00000514                DMA0_IRQHandler
                0x00000514                DAC0_IRQHandler
                0x00000514                Reserved45_IRQHandler
                0x00000514                TPM1_IRQHandler
                0x00000514                LVD_LVW_IRQHandler
                0x00000514                SPI0_IRQHandler
                0x00000514                PORTA_IRQHandler
                0x00000514                FTFA_IRQHandler
                0x00000514                LPTMR0_IRQHandler
                0x00000514                CMP0_IRQHandler
                0x00000514                DMA1_IRQHandler
 .text          0x0000051c       0x9c c:/freescale/kds_v3/toolchain/bin/../lib/gcc/arm-none-eabi/4.8.4/armv6-m\libgcc.a(_udivsi3.o)
                0x0000051c                __aeabi_uidiv
                0x0000051c                __udivsi3
                0x000005a4                __aeabi_uidivmod
 .text          0x000005b8        0x4 c:/freescale/kds_v3/toolchain/bin/../lib/gcc/arm-none-eabi/4.8.4/armv6-m\libgcc.a(_dvmd_tls.o)
                0x000005b8                __aeabi_idiv0
                0x000005b8                __aeabi_ldiv0
 *(.text*)
 .text.GPIO_Initialize
                0x000005bc       0x30 ./Sources/drv_gpio.o
                0x000005bc                GPIO_Initialize
 .text.pinMode  0x000005ec       0x84 ./Sources/drv_gpio.o
                0x000005ec                pinMode
 .text.pinRead  0x00000670       0x94 ./Sources/drv_gpio.o
                0x00000670                pinRead
 .text.f_GPIO_set_pin_mode
                0x00000704       0xb0 ./Sources/drv_gpio.o
 .text.LCD_initialize
                0x000007b4      0x180 ./Sources/drv_lcd.o
                0x000007b4                LCD_initialize
 .text.LCD_set_cursor
                0x00000934       0xb8 ./Sources/drv_lcd.o
                0x00000934                LCD_set_cursor
 .text.LCD_putch
                0x000009ec       0x1c ./Sources/drv_lcd.o
                0x000009ec                LCD_putch
 .text.LCD_puts
                0x00000a08       0x50 ./Sources/drv_lcd.o
                0x00000a08                LCD_puts
 .text.LCD_clear
                0x00000a58       0x14 ./Sources/drv_lcd.o
                0x00000a58                LCD_clear
 .text.lcd_rs_put_val
                0x00000a6c       0x3c ./Sources/drv_lcd.o
 .text.lcd_rw_put_val
                0x00000aa8       0x3c ./Sources/drv_lcd.o
 .text.lcd_e_put_val
                0x00000ae4       0x3c ./Sources/drv_lcd.o
 .text.lcd_db4_put_val
                0x00000b20       0x3c ./Sources/drv_lcd.o
 .text.lcd_db5_put_val
                0x00000b5c       0x3c ./Sources/drv_lcd.o
 .text.lcd_db6_put_val
                0x00000b98       0x3c ./Sources/drv_lcd.o
 .text.lcd_db7_put_val
                0x00000bd4       0x3c ./Sources/drv_lcd.o
 .text.lcd_db4_get_val
                0x00000c10       0x20 ./Sources/drv_lcd.o
 .text.lcd_db5_get_val
                0x00000c30       0x20 ./Sources/drv_lcd.o
 .text.lcd_db6_get_val
                0x00000c50       0x20 ./Sources/drv_lcd.o
 .text.lcd_db7_get_val
                0x00000c70       0x20 ./Sources/drv_lcd.o
 .text.lcd_delay_us
                0x00000c90       0x2c ./Sources/drv_lcd.o
 .text.lcd_pulse_e_pin
                0x00000cbc       0x18 ./Sources/drv_lcd.o
 .text.lcd_wr_register
                0x00000cd4       0xfc ./Sources/drv_lcd.o
 .text.lcd_wr_data
                0x00000dd0      0x108 ./Sources/drv_lcd.o
 .text.lcd_wait_bf
                0x00000ed8      0x144 ./Sources/drv_lcd.o
 .text.pracka_inicializace
                0x0000101c      0x178 ./Sources/drv_pracka.o
                0x0000101c                pracka_inicializace
 .text.pracka_nastavNapousteni
                0x00001194       0x38 ./Sources/drv_pracka.o
                0x00001194                pracka_nastavNapousteni
 .text.pracka_nastavBuben
                0x000011cc       0x9c ./Sources/drv_pracka.o
                0x000011cc                pracka_nastavBuben
 .text.pracka_nastavTopeni
                0x00001268       0x38 ./Sources/drv_pracka.o
                0x00001268                pracka_nastavTopeni
 .text.pracka_nastavCerpadlo
                0x000012a0       0x38 ./Sources/drv_pracka.o
                0x000012a0                pracka_nastavCerpadlo
 .text.pracka_ctiTeplotu
                0x000012d8       0x50 ./Sources/drv_pracka.o
                0x000012d8                pracka_ctiTeplotu
 .text.pracka_ctiHladinu
                0x00001328       0x30 ./Sources/drv_pracka.o
                0x00001328                pracka_ctiHladinu
 .text.NVIC_SetPriority
                0x00001358       0xe0 ./Sources/drv_systick.o
 .text.SysTick_Config
                0x00001438       0x48 ./Sources/drv_systick.o
 .text.SYSTICK_initialize
                0x00001480       0x2c ./Sources/drv_systick.o
                0x00001480                SYSTICK_initialize
 .text.SYSTICK_millis
                0x000014ac       0x14 ./Sources/drv_systick.o
                0x000014ac                SYSTICK_millis
 .text.SysTick_Handler
                0x000014c0       0x2c ./Sources/drv_systick.o
                0x000014c0                SysTick_Handler
 .text.main     0x000014ec      0x18c ./Sources/main.o
                0x000014ec                main
 .text.pracka_start
                0x00001678      0x198 ./Sources/main.o
                0x00001678                pracka_start
 .text.pracka_napousteni
                0x00001810       0x30 ./Sources/main.o
                0x00001810                pracka_napousteni
 .text.pracka_topeni
                0x00001840       0x30 ./Sources/main.o
                0x00001840                pracka_topeni
 .text.pracka_myti
                0x00001870       0xdc ./Sources/main.o
                0x00001870                pracka_myti
 .text.pracka_cerpani
                0x0000194c       0x80 ./Sources/main.o
                0x0000194c                pracka_cerpani
 .text.pracka_suseni
                0x000019cc       0x70 ./Sources/main.o
                0x000019cc                pracka_suseni
 .text.pracka_oplachovani
                0x00001a3c      0x124 ./Sources/main.o
                0x00001a3c                pracka_oplachovani
 .text.pracka_displej
                0x00001b60       0x84 ./Sources/main.o
                0x00001b60                pracka_displej
 .text.AnalogRead
                0x00001be4       0x30 ./Sources/main.o
                0x00001be4                AnalogRead
 .text.ADCInit  0x00001c14       0x44 ./Sources/main.o
                0x00001c14                ADCInit
 .text.ADCCalibrate
                0x00001c58      0x168 ./Sources/main.o
                0x00001c58                ADCCalibrate
 .text.pracka_int
                0x00001dc0       0x3c ./Sources/main.o
                0x00001dc0                pracka_int
 .text.SystemInit
                0x00001dfc      0x178 ./Project_Settings/Startup_Code/system_MKL25Z4.o
                0x00001dfc                SystemInit
 .text.exit     0x00001f74       0x2c c:/freescale/kds_v3/toolchain/bin/../lib/gcc/arm-none-eabi/4.8.4/../../../../arm-none-eabi/lib/armv6-m\libg_s.a(lib_a-exit.o)
                0x00001f74                exit
 .text.__libc_init_array
                0x00001fa0       0x4c c:/freescale/kds_v3/toolchain/bin/../lib/gcc/arm-none-eabi/4.8.4/../../../../arm-none-eabi/lib/armv6-m\libg_s.a(lib_a-init.o)
                0x00001fa0                __libc_init_array
 .text.memset   0x00001fec       0x10 c:/freescale/kds_v3/toolchain/bin/../lib/gcc/arm-none-eabi/4.8.4/../../../../arm-none-eabi/lib/armv6-m\libg_s.a(lib_a-memset.o)
                0x00001fec                memset
 .text._exit    0x00001ffc        0x4 c:/freescale/kds_v3/toolchain/bin/../lib/gcc/arm-none-eabi/4.8.4/../../../../arm-none-eabi/lib/armv6-m\libnosys.a(_exit.o)
                0x00001ffc                _exit
 *(.rodata)
 .rodata        0x00002000       0xac ./Sources/main.o
 *(.rodata*)
 .rodata.pinMode
                0x000020ac       0x40 ./Sources/drv_gpio.o
 .rodata.pinRead
                0x000020ec       0x40 ./Sources/drv_gpio.o
 .rodata.main   0x0000212c       0x20 ./Sources/main.o
 .rodata.str1.1
                0x0000214c        0x2 c:/freescale/kds_v3/toolchain/bin/../lib/gcc/arm-none-eabi/4.8.4/../../../../arm-none-eabi/lib/armv6-m\libg_s.a(lib_a-impure.o)
 *fill*         0x0000214e        0x2 
 .rodata._global_impure_ptr
                0x00002150        0x4 c:/freescale/kds_v3/toolchain/bin/../lib/gcc/arm-none-eabi/4.8.4/../../../../arm-none-eabi/lib/armv6-m\libg_s.a(lib_a-impure.o)
                0x00002150                _global_impure_ptr
 *(.glue_7)
 .glue_7        0x00000000        0x0 linker stubs
 *(.glue_7t)
 .glue_7t       0x00000000        0x0 linker stubs
 *(.eh_frame)
 .eh_frame      0x00002154        0x0 c:/freescale/kds_v3/toolchain/bin/../lib/gcc/arm-none-eabi/4.8.4/armv6-m/crtbegin.o
 *(.init)
 .init          0x00002154        0x4 c:/freescale/kds_v3/toolchain/bin/../lib/gcc/arm-none-eabi/4.8.4/armv6-m/crti.o
                0x00002154                _init
 .init          0x00002158        0x8 c:/freescale/kds_v3/toolchain/bin/../lib/gcc/arm-none-eabi/4.8.4/armv6-m/crtn.o
 *(.fini)
 .fini          0x00002160        0x4 c:/freescale/kds_v3/toolchain/bin/../lib/gcc/arm-none-eabi/4.8.4/armv6-m/crti.o
                0x00002160                _fini
 .fini          0x00002164        0x8 c:/freescale/kds_v3/toolchain/bin/../lib/gcc/arm-none-eabi/4.8.4/armv6-m/crtn.o
                0x0000216c                . = ALIGN (0x4)

.vfp11_veneer   0x0000216c        0x0
 .vfp11_veneer  0x00000000        0x0 linker stubs

.v4_bx          0x0000216c        0x0
 .v4_bx         0x00000000        0x0 linker stubs

.iplt           0x0000216c        0x0
 .iplt          0x00000000        0x0 c:/freescale/kds_v3/toolchain/bin/../lib/gcc/arm-none-eabi/4.8.4/armv6-m/crtbegin.o

.ARM.extab
 *(.ARM.extab* .gnu.linkonce.armextab.*)

.ARM            0x0000216c        0x8
                0x0000216c                __exidx_start = .
 *(.ARM.exidx*)
 .ARM.exidx     0x0000216c        0x8 c:/freescale/kds_v3/toolchain/bin/../lib/gcc/arm-none-eabi/4.8.4/../../../../arm-none-eabi/lib/armv6-m/crt0.o
                0x00002174                __exidx_end = .

.rel.dyn        0x00002174        0x0
 .rel.iplt      0x00000000        0x0 c:/freescale/kds_v3/toolchain/bin/../lib/gcc/arm-none-eabi/4.8.4/armv6-m/crtbegin.o

.ctors          0x00002174        0x0
                0x00002174                __CTOR_LIST__ = .
 *crtbegin.o(.ctors)
 *crtbegin?.o(.ctors)
 *(EXCLUDE_FILE(*crtend.o *crtend?.o) .ctors)
 *(SORT(.ctors.*))
 *(.ctors)
                0x00002174                __CTOR_END__ = .

.dtors          0x00002174        0x0
                0x00002174                __DTOR_LIST__ = .
 *crtbegin.o(.dtors)
 *crtbegin?.o(.dtors)
 *(EXCLUDE_FILE(*crtend.o *crtend?.o) .dtors)
 *(SORT(.dtors.*))
 *(.dtors)
                0x00002174                __DTOR_END__ = .

.preinit_array  0x00002174        0x0
                0x00002174                PROVIDE (__preinit_array_start, .)
 *(.preinit_array*)
                0x00002174                PROVIDE (__preinit_array_end, .)

.init_array     0x00002174        0x4
                0x00002174                PROVIDE (__init_array_start, .)
 *(SORT(.init_array.*))
 *(.init_array*)
 .init_array    0x00002174        0x4 c:/freescale/kds_v3/toolchain/bin/../lib/gcc/arm-none-eabi/4.8.4/armv6-m/crtbegin.o
                0x00002178                PROVIDE (__init_array_end, .)

.fini_array     0x00002178        0x4
                0x00002178                PROVIDE (__fini_array_start, .)
 *(SORT(.fini_array.*))
 *(.fini_array*)
 .fini_array    0x00002178        0x4 c:/freescale/kds_v3/toolchain/bin/../lib/gcc/arm-none-eabi/4.8.4/armv6-m/crtbegin.o
                0x0000217c                PROVIDE (__fini_array_end, .)
                0x0000217c                __etext = .
                0x0000217c                __DATA_ROM = .

.mtb            0x1ffff000        0x0
                0x1ffff000                . = ALIGN (0x8)
                0x1ffff000                _mtb_start = .
 *(.mtb_buf)
                0x1ffff000                . = ALIGN (0x8)
                0x1ffff000                _mtb_end = .

.data           0x1ffff000       0x68 load address 0x0000217c
                0x1ffff000                . = ALIGN (0x4)
                0x1ffff000                __DATA_RAM = .
                0x1ffff000                __data_start__ = .
 *(.data)
 *(.data*)
 .data.SystemCoreClock
                0x1ffff000        0x4 ./Project_Settings/Startup_Code/system_MKL25Z4.o
                0x1ffff000                SystemCoreClock
 .data.impure_data
                0x1ffff004       0x60 c:/freescale/kds_v3/toolchain/bin/../lib/gcc/arm-none-eabi/4.8.4/../../../../arm-none-eabi/lib/armv6-m\libg_s.a(lib_a-impure.o)
 *(.jcr*)
 .jcr           0x1ffff064        0x0 c:/freescale/kds_v3/toolchain/bin/../lib/gcc/arm-none-eabi/4.8.4/armv6-m/crtbegin.o
 .jcr           0x1ffff064        0x4 c:/freescale/kds_v3/toolchain/bin/../lib/gcc/arm-none-eabi/4.8.4/armv6-m/crtend.o
                0x1ffff068                . = ALIGN (0x4)
                0x1ffff068                __data_end__ = .
                0x000021e4                __DATA_END = (__DATA_ROM + (__data_end__ - __data_start__))

.igot.plt       0x1ffff068        0x0 load address 0x000021e4
 .igot.plt      0x00000000        0x0 c:/freescale/kds_v3/toolchain/bin/../lib/gcc/arm-none-eabi/4.8.4/armv6-m/crtbegin.o

.bss            0x1ffff068       0x6c load address 0x000021e4
                0x1ffff068                . = ALIGN (0x4)
                0x1ffff068                __START_BSS = .
                0x1ffff068                __bss_start__ = .
 *(.bss)
 .bss           0x1ffff068       0x1c c:/freescale/kds_v3/toolchain/bin/../lib/gcc/arm-none-eabi/4.8.4/armv6-m/crtbegin.o
 *(.bss*)
 .bss.vyber_teplota
                0x1ffff084        0x4 ./Sources/main.o
 .bss.omyvat    0x1ffff088        0x1 ./Sources/main.o
 *fill*         0x1ffff089        0x3 
 .bss.vyber_teplota_cas
                0x1ffff08c        0x4 ./Sources/main.o
 .bss.stav      0x1ffff090        0x1 ./Sources/main.o
 .bss.state.5543
                0x1ffff091        0x1 ./Sources/main.o
 *fill*         0x1ffff092        0x2 
 .bss.startTime.5544
                0x1ffff094        0x4 ./Sources/main.o
 .bss.button_StartTime.5553
                0x1ffff098        0x4 ./Sources/main.o
 .bss.lcd_state.5551
                0x1ffff09c        0x1 ./Sources/main.o
 *fill*         0x1ffff09d        0x3 
 .bss.lcd_StartTime.5552
                0x1ffff0a0        0x4 ./Sources/main.o
 .bss.state.5568
                0x1ffff0a4        0x1 ./Sources/main.o
 *fill*         0x1ffff0a5        0x3 
 .bss.startTime.5569
                0x1ffff0a8        0x4 ./Sources/main.o
 .bss.state.5575
                0x1ffff0ac        0x1 ./Sources/main.o
 *fill*         0x1ffff0ad        0x3 
 .bss.startTime.5576
                0x1ffff0b0        0x4 ./Sources/main.o
 .bss.state.5582
                0x1ffff0b4        0x1 ./Sources/main.o
 *fill*         0x1ffff0b5        0x3 
 .bss.startTime.5583
                0x1ffff0b8        0x4 ./Sources/main.o
 .bss.state.5593
                0x1ffff0bc        0x1 ./Sources/main.o
 *fill*         0x1ffff0bd        0x3 
 .bss.startTime.5594
                0x1ffff0c0        0x4 ./Sources/main.o
 .bss.lcd_state.5601
                0x1ffff0c4        0x1 ./Sources/main.o
 *fill*         0x1ffff0c5        0x3 
 .bss.lcd_StartTime.5602
                0x1ffff0c8        0x4 ./Sources/main.o
 *(COMMON)
 COMMON         0x1ffff0cc        0x8 ./Sources/drv_systick.o
                0x1ffff0cc                gmsf_delaycnt
                0x1ffff0d0                gmsf_systime
                0x1ffff0d4                . = ALIGN (0x4)
                0x1ffff0d4                __bss_end__ = .
                0x1ffff0d4                __END_BSS = .

.heap           0x1ffff0d4      0x404 load address 0x00002250
                0x1ffff0d8                . = ALIGN (0x8)
 *fill*         0x1ffff0d4        0x4 
                0x1ffff0d8                __end__ = .
                0x1ffff0d8                PROVIDE (end, .)
                0x1ffff0d8                __HeapBase = .
                0x1ffff4d8                . = (. + HEAP_SIZE)
 *fill*         0x1ffff0d8      0x400 
                0x1ffff4d8                __HeapLimit = .

.stack          0x1ffff4d8      0x400 load address 0x00002654
                0x1ffff4d8                . = ALIGN (0x8)
                0x1ffff8d8                . = (. + STACK_SIZE)
 *fill*         0x1ffff4d8      0x400 
                0x20003000                __StackTop = (ORIGIN (m_data) + 0x4000)
                0x20002c00                __StackLimit = (__StackTop - STACK_SIZE)
                0x20003000                PROVIDE (__stack, __StackTop)

.ARM.attributes
                0x00000000       0x28
 *(.ARM.attributes)
 .ARM.attributes
                0x00000000       0x1e c:/freescale/kds_v3/toolchain/bin/../lib/gcc/arm-none-eabi/4.8.4/armv6-m/crti.o
 .ARM.attributes
                0x0000001e       0x2c c:/freescale/kds_v3/toolchain/bin/../lib/gcc/arm-none-eabi/4.8.4/armv6-m/crtbegin.o
 .ARM.attributes
                0x0000004a       0x1b c:/freescale/kds_v3/toolchain/bin/../lib/gcc/arm-none-eabi/4.8.4/../../../../arm-none-eabi/lib/armv6-m/crt0.o
 .ARM.attributes
                0x00000065       0x32 ./Sources/drv_gpio.o
 .ARM.attributes
                0x00000097       0x32 ./Sources/drv_lcd.o
 .ARM.attributes
                0x000000c9       0x32 ./Sources/drv_pracka.o
 .ARM.attributes
                0x000000fb       0x32 ./Sources/drv_systick.o
 .ARM.attributes
                0x0000012d       0x32 ./Sources/main.o
 .ARM.attributes
                0x0000015f       0x1b ./Project_Settings/Startup_Code/startup_MKL25Z4.o
 .ARM.attributes
                0x0000017a       0x32 ./Project_Settings/Startup_Code/system_MKL25Z4.o
 .ARM.attributes
                0x000001ac       0x1e c:/freescale/kds_v3/toolchain/bin/../lib/gcc/arm-none-eabi/4.8.4/armv6-m\libgcc.a(_udivsi3.o)
 .ARM.attributes
                0x000001ca       0x1e c:/freescale/kds_v3/toolchain/bin/../lib/gcc/arm-none-eabi/4.8.4/armv6-m\libgcc.a(_dvmd_tls.o)
 .ARM.attributes
                0x000001e8       0x2c c:/freescale/kds_v3/toolchain/bin/../lib/gcc/arm-none-eabi/4.8.4/../../../../arm-none-eabi/lib/armv6-m\libg_s.a(lib_a-exit.o)
 .ARM.attributes
                0x00000214       0x2c c:/freescale/kds_v3/toolchain/bin/../lib/gcc/arm-none-eabi/4.8.4/../../../../arm-none-eabi/lib/armv6-m\libg_s.a(lib_a-impure.o)
 .ARM.attributes
                0x00000240       0x2c c:/freescale/kds_v3/toolchain/bin/../lib/gcc/arm-none-eabi/4.8.4/../../../../arm-none-eabi/lib/armv6-m\libg_s.a(lib_a-init.o)
 .ARM.attributes
                0x0000026c       0x2c c:/freescale/kds_v3/toolchain/bin/../lib/gcc/arm-none-eabi/4.8.4/../../../../arm-none-eabi/lib/armv6-m\libg_s.a(lib_a-memset.o)
 .ARM.attributes
                0x00000298       0x2c c:/freescale/kds_v3/toolchain/bin/../lib/gcc/arm-none-eabi/4.8.4/../../../../arm-none-eabi/lib/armv6-m\libnosys.a(_exit.o)
 .ARM.attributes
                0x000002c4       0x2c c:/freescale/kds_v3/toolchain/bin/../lib/gcc/arm-none-eabi/4.8.4/armv6-m/crtend.o
 .ARM.attributes
                0x000002f0       0x1e c:/freescale/kds_v3/toolchain/bin/../lib/gcc/arm-none-eabi/4.8.4/armv6-m/crtn.o
                0x00000001                ASSERT ((__StackLimit >= __HeapLimit), region m_data overflowed with stack and heap)
OUTPUT(PRACKA_new.elf elf32-littlearm)

.debug_info     0x00000000     0x24b0
 .debug_info    0x00000000      0x4f6 ./Sources/drv_gpio.o
 .debug_info    0x000004f6      0x68f ./Sources/drv_lcd.o
 .debug_info    0x00000b85      0x4fa ./Sources/drv_pracka.o
 .debug_info    0x0000107f      0x494 ./Sources/drv_systick.o
 .debug_info    0x00001513      0x8aa ./Sources/main.o
 .debug_info    0x00001dbd       0x8f ./Project_Settings/Startup_Code/startup_MKL25Z4.o
 .debug_info    0x00001e4c      0x664 ./Project_Settings/Startup_Code/system_MKL25Z4.o

.debug_abbrev   0x00000000      0x9b9
 .debug_abbrev  0x00000000      0x18e ./Sources/drv_gpio.o
 .debug_abbrev  0x0000018e      0x1e0 ./Sources/drv_lcd.o
 .debug_abbrev  0x0000036e      0x146 ./Sources/drv_pracka.o
 .debug_abbrev  0x000004b4      0x1d6 ./Sources/drv_systick.o
 .debug_abbrev  0x0000068a      0x1fa ./Sources/main.o
 .debug_abbrev  0x00000884       0x14 ./Project_Settings/Startup_Code/startup_MKL25Z4.o
 .debug_abbrev  0x00000898      0x121 ./Project_Settings/Startup_Code/system_MKL25Z4.o

.debug_aranges  0x00000000      0x278
 .debug_aranges
                0x00000000       0x40 ./Sources/drv_gpio.o
 .debug_aranges
                0x00000040       0xd0 ./Sources/drv_lcd.o
 .debug_aranges
                0x00000110       0x50 ./Sources/drv_pracka.o
 .debug_aranges
                0x00000160       0x50 ./Sources/drv_systick.o
 .debug_aranges
                0x000001b0       0x80 ./Sources/main.o
 .debug_aranges
                0x00000230       0x20 ./Project_Settings/Startup_Code/startup_MKL25Z4.o
 .debug_aranges
                0x00000250       0x28 ./Project_Settings/Startup_Code/system_MKL25Z4.o

.debug_ranges   0x00000000      0x1f8
 .debug_ranges  0x00000000       0x30 ./Sources/drv_gpio.o
 .debug_ranges  0x00000030       0xc0 ./Sources/drv_lcd.o
 .debug_ranges  0x000000f0       0x40 ./Sources/drv_pracka.o
 .debug_ranges  0x00000130       0x40 ./Sources/drv_systick.o
 .debug_ranges  0x00000170       0x70 ./Sources/main.o
 .debug_ranges  0x000001e0       0x18 ./Project_Settings/Startup_Code/system_MKL25Z4.o

.debug_macro    0x00000000     0xa04a
 .debug_macro   0x00000000       0x8c ./Sources/drv_gpio.o
 .debug_macro   0x0000008c      0x808 ./Sources/drv_gpio.o
 .debug_macro   0x00000894       0x16 ./Sources/drv_gpio.o
 .debug_macro   0x000008aa       0x16 ./Sources/drv_gpio.o
 .debug_macro   0x000008c0       0x44 ./Sources/drv_gpio.o
 .debug_macro   0x00000904      0x209 ./Sources/drv_gpio.o
 .debug_macro   0x00000b0d       0x3a ./Sources/drv_gpio.o
 .debug_macro   0x00000b47       0x3a ./Sources/drv_gpio.o
 .debug_macro   0x00000b81       0x26 ./Sources/drv_gpio.o
 .debug_macro   0x00000ba7      0x306 ./Sources/drv_gpio.o
 .debug_macro   0x00000ead       0xb7 ./Sources/drv_gpio.o
 .debug_macro   0x00000f64     0x839f ./Sources/drv_gpio.o
 .debug_macro   0x00009303       0x16 ./Sources/drv_gpio.o
 .debug_macro   0x00009319      0x16b ./Sources/drv_lcd.o
 .debug_macro   0x00009484       0xdd ./Sources/drv_pracka.o
 .debug_macro   0x00009561       0x22 ./Sources/drv_pracka.o
 .debug_macro   0x00009583       0x9a ./Sources/drv_pracka.o
 .debug_macro   0x0000961d       0x93 ./Sources/drv_systick.o
 .debug_macro   0x000096b0      0x17a ./Sources/main.o
 .debug_macro   0x0000982a       0x58 ./Sources/main.o
 .debug_macro   0x00009882       0x35 ./Sources/main.o
 .debug_macro   0x000098b7       0xa3 ./Sources/main.o
 .debug_macro   0x0000995a       0x16 ./Sources/main.o
 .debug_macro   0x00009970       0x97 ./Sources/main.o
 .debug_macro   0x00009a07       0x10 ./Sources/main.o
 .debug_macro   0x00009a17       0xef ./Sources/main.o
 .debug_macro   0x00009b06       0x52 ./Sources/main.o
 .debug_macro   0x00009b58       0x16 ./Sources/main.o
 .debug_macro   0x00009b6e       0x43 ./Sources/main.o
 .debug_macro   0x00009bb1      0x180 ./Sources/main.o
 .debug_macro   0x00009d31       0x10 ./Sources/main.o
 .debug_macro   0x00009d41       0x22 ./Sources/main.o
 .debug_macro   0x00009d63       0xbd ./Sources/main.o
 .debug_macro   0x00009e20       0x16 ./Sources/main.o
 .debug_macro   0x00009e36      0x14a ./Sources/main.o
 .debug_macro   0x00009f80       0x7e ./Project_Settings/Startup_Code/system_MKL25Z4.o
 .debug_macro   0x00009ffe       0x4c ./Project_Settings/Startup_Code/system_MKL25Z4.o

.debug_line     0x00000000     0x130d
 .debug_line    0x00000000      0x25a ./Sources/drv_gpio.o
 .debug_line    0x0000025a      0x414 ./Sources/drv_lcd.o
 .debug_line    0x0000066e      0x293 ./Sources/drv_pracka.o
 .debug_line    0x00000901      0x27c ./Sources/drv_systick.o
 .debug_line    0x00000b7d      0x49a ./Sources/main.o
 .debug_line    0x00001017       0x7b ./Project_Settings/Startup_Code/startup_MKL25Z4.o
 .debug_line    0x00001092      0x27b ./Project_Settings/Startup_Code/system_MKL25Z4.o

.debug_str      0x00000000    0x34fb0
 .debug_str     0x00000000    0x31d25 ./Sources/drv_gpio.o
                              0x3212f (size before relaxing)
 .debug_str     0x00031d25      0x865 ./Sources/drv_lcd.o
                              0x32889 (size before relaxing)
 .debug_str     0x0003258a      0x45f ./Sources/drv_pracka.o
                              0x3248e (size before relaxing)
 .debug_str     0x000329e9      0x350 ./Sources/drv_systick.o
                              0x32268 (size before relaxing)
 .debug_str     0x00032d39     0x2186 ./Sources/main.o
                              0x3457c (size before relaxing)
 .debug_str     0x00034ebf       0xf1 ./Project_Settings/Startup_Code/system_MKL25Z4.o
                              0x322a3 (size before relaxing)

.comment        0x00000000       0x70
 .comment       0x00000000       0x70 ./Sources/drv_gpio.o
                                 0x71 (size before relaxing)
 .comment       0x00000000       0x71 ./Sources/drv_lcd.o
 .comment       0x00000000       0x71 ./Sources/drv_pracka.o
 .comment       0x00000000       0x71 ./Sources/drv_systick.o
 .comment       0x00000000       0x71 ./Sources/main.o
 .comment       0x00000000       0x71 ./Project_Settings/Startup_Code/system_MKL25Z4.o

.debug_frame    0x00000000      0x7d8
 .debug_frame   0x00000000       0xac ./Sources/drv_gpio.o
 .debug_frame   0x000000ac      0x2cc ./Sources/drv_lcd.o
 .debug_frame   0x00000378       0xe4 ./Sources/drv_pracka.o
 .debug_frame   0x0000045c       0xe8 ./Sources/drv_systick.o
 .debug_frame   0x00000544      0x194 ./Sources/main.o
 .debug_frame   0x000006d8       0x4c ./Project_Settings/Startup_Code/system_MKL25Z4.o
 .debug_frame   0x00000724       0x20 c:/freescale/kds_v3/toolchain/bin/../lib/gcc/arm-none-eabi/4.8.4/armv6-m\libgcc.a(_udivsi3.o)
 .debug_frame   0x00000744       0x28 c:/freescale/kds_v3/toolchain/bin/../lib/gcc/arm-none-eabi/4.8.4/../../../../arm-none-eabi/lib/armv6-m\libg_s.a(lib_a-exit.o)
 .debug_frame   0x0000076c       0x2c c:/freescale/kds_v3/toolchain/bin/../lib/gcc/arm-none-eabi/4.8.4/../../../../arm-none-eabi/lib/armv6-m\libg_s.a(lib_a-init.o)
 .debug_frame   0x00000798       0x20 c:/freescale/kds_v3/toolchain/bin/../lib/gcc/arm-none-eabi/4.8.4/../../../../arm-none-eabi/lib/armv6-m\libg_s.a(lib_a-memset.o)
 .debug_frame   0x000007b8       0x20 c:/freescale/kds_v3/toolchain/bin/../lib/gcc/arm-none-eabi/4.8.4/../../../../arm-none-eabi/lib/armv6-m\libnosys.a(_exit.o)
