Archive member included because of file (symbol)

c:/freescale/kds_v3/toolchain/bin/../lib/gcc/arm-none-eabi/4.8.4/armv6-m\libgcc.a(_udivsi3.o)
                              ./Project_Settings/Startup_Code/system_MKL25Z4.o (__aeabi_uidiv)
c:/freescale/kds_v3/toolchain/bin/../lib/gcc/arm-none-eabi/4.8.4/armv6-m\libgcc.a(_divsi3.o)
                              ./Sources/model_fm_tuner.o (__aeabi_idiv)
c:/freescale/kds_v3/toolchain/bin/../lib/gcc/arm-none-eabi/4.8.4/armv6-m\libgcc.a(_dvmd_tls.o)
                              c:/freescale/kds_v3/toolchain/bin/../lib/gcc/arm-none-eabi/4.8.4/armv6-m\libgcc.a(_udivsi3.o) (__aeabi_idiv0)
c:/freescale/kds_v3/toolchain/bin/../lib/gcc/arm-none-eabi/4.8.4/../../../../arm-none-eabi/lib/armv6-m\libg_s.a(lib_a-assert.o)
                              ./KSDK/hal/fsl_i2c_hal.o (__assert_func)
c:/freescale/kds_v3/toolchain/bin/../lib/gcc/arm-none-eabi/4.8.4/../../../../arm-none-eabi/lib/armv6-m\libg_s.a(lib_a-exit.o)
                              c:/freescale/kds_v3/toolchain/bin/../lib/gcc/arm-none-eabi/4.8.4/../../../../arm-none-eabi/lib/armv6-m/crt0.o (exit)
c:/freescale/kds_v3/toolchain/bin/../lib/gcc/arm-none-eabi/4.8.4/../../../../arm-none-eabi/lib/armv6-m\libg_s.a(lib_a-fprintf.o)
                              c:/freescale/kds_v3/toolchain/bin/../lib/gcc/arm-none-eabi/4.8.4/../../../../arm-none-eabi/lib/armv6-m\libg_s.a(lib_a-assert.o) (fiprintf)
c:/freescale/kds_v3/toolchain/bin/../lib/gcc/arm-none-eabi/4.8.4/../../../../arm-none-eabi/lib/armv6-m\libg_s.a(lib_a-impure.o)
                              c:/freescale/kds_v3/toolchain/bin/../lib/gcc/arm-none-eabi/4.8.4/../../../../arm-none-eabi/lib/armv6-m\libg_s.a(lib_a-exit.o) (_global_impure_ptr)
c:/freescale/kds_v3/toolchain/bin/../lib/gcc/arm-none-eabi/4.8.4/../../../../arm-none-eabi/lib/armv6-m\libg_s.a(lib_a-init.o)
                              c:/freescale/kds_v3/toolchain/bin/../lib/gcc/arm-none-eabi/4.8.4/../../../../arm-none-eabi/lib/armv6-m/crt0.o (__libc_init_array)
c:/freescale/kds_v3/toolchain/bin/../lib/gcc/arm-none-eabi/4.8.4/../../../../arm-none-eabi/lib/armv6-m\libg_s.a(lib_a-memcpy-stub.o)
                              ./FreeRTOS/src/queue.o (memcpy)
c:/freescale/kds_v3/toolchain/bin/../lib/gcc/arm-none-eabi/4.8.4/../../../../arm-none-eabi/lib/armv6-m\libg_s.a(lib_a-memset.o)
                              c:/freescale/kds_v3/toolchain/bin/../lib/gcc/arm-none-eabi/4.8.4/../../../../arm-none-eabi/lib/armv6-m/crt0.o (memset)
c:/freescale/kds_v3/toolchain/bin/../lib/gcc/arm-none-eabi/4.8.4/../../../../arm-none-eabi/lib/armv6-m\libg_s.a(lib_a-vfprintf.o)
                              c:/freescale/kds_v3/toolchain/bin/../lib/gcc/arm-none-eabi/4.8.4/../../../../arm-none-eabi/lib/armv6-m\libg_s.a(lib_a-fprintf.o) (_vfprintf_r)
c:/freescale/kds_v3/toolchain/bin/../lib/gcc/arm-none-eabi/4.8.4/../../../../arm-none-eabi/lib/armv6-m\libg_s.a(lib_a-vfprintf_i.o)
                              c:/freescale/kds_v3/toolchain/bin/../lib/gcc/arm-none-eabi/4.8.4/../../../../arm-none-eabi/lib/armv6-m\libg_s.a(lib_a-vfprintf.o) (_printf_i)
c:/freescale/kds_v3/toolchain/bin/../lib/gcc/arm-none-eabi/4.8.4/../../../../arm-none-eabi/lib/armv6-m\libg_s.a(lib_a-wbuf.o)
                              c:/freescale/kds_v3/toolchain/bin/../lib/gcc/arm-none-eabi/4.8.4/../../../../arm-none-eabi/lib/armv6-m\libg_s.a(lib_a-vfprintf.o) (__swbuf_r)
c:/freescale/kds_v3/toolchain/bin/../lib/gcc/arm-none-eabi/4.8.4/../../../../arm-none-eabi/lib/armv6-m\libg_s.a(lib_a-wsetup.o)
                              c:/freescale/kds_v3/toolchain/bin/../lib/gcc/arm-none-eabi/4.8.4/../../../../arm-none-eabi/lib/armv6-m\libg_s.a(lib_a-vfprintf.o) (__swsetup_r)
c:/freescale/kds_v3/toolchain/bin/../lib/gcc/arm-none-eabi/4.8.4/../../../../arm-none-eabi/lib/armv6-m\libg_s.a(lib_a-abort.o)
                              c:/freescale/kds_v3/toolchain/bin/../lib/gcc/arm-none-eabi/4.8.4/../../../../arm-none-eabi/lib/armv6-m\libg_s.a(lib_a-assert.o) (abort)
c:/freescale/kds_v3/toolchain/bin/../lib/gcc/arm-none-eabi/4.8.4/../../../../arm-none-eabi/lib/armv6-m\libg_s.a(lib_a-fflush.o)
                              c:/freescale/kds_v3/toolchain/bin/../lib/gcc/arm-none-eabi/4.8.4/../../../../arm-none-eabi/lib/armv6-m\libg_s.a(lib_a-wbuf.o) (_fflush_r)
c:/freescale/kds_v3/toolchain/bin/../lib/gcc/arm-none-eabi/4.8.4/../../../../arm-none-eabi/lib/armv6-m\libg_s.a(lib_a-findfp.o)
                              c:/freescale/kds_v3/toolchain/bin/../lib/gcc/arm-none-eabi/4.8.4/../../../../arm-none-eabi/lib/armv6-m\libg_s.a(lib_a-vfprintf.o) (__sinit)
c:/freescale/kds_v3/toolchain/bin/../lib/gcc/arm-none-eabi/4.8.4/../../../../arm-none-eabi/lib/armv6-m\libg_s.a(lib_a-fvwrite.o)
                              c:/freescale/kds_v3/toolchain/bin/../lib/gcc/arm-none-eabi/4.8.4/../../../../arm-none-eabi/lib/armv6-m\libg_s.a(lib_a-vfprintf.o) (__sfvwrite_r)
c:/freescale/kds_v3/toolchain/bin/../lib/gcc/arm-none-eabi/4.8.4/../../../../arm-none-eabi/lib/armv6-m\libg_s.a(lib_a-fwalk.o)
[...]
Memory Configuration

Name             Origin             Length             Attributes
m_interrupts     0x00000000         0x00000100         xr
m_flash_config   0x00000400         0x00000010         xr
m_text           0x00000410         0x0001fbf0         xr
m_data           0x1ffff000         0x00004000         rw
*default*        0x00000000         0xffffffff

Linker script and memory map

LOAD c:/freescale/kds_v3/toolchain/bin/../lib/gcc/arm-none-eabi/4.8.4/armv6-m/crti.o
LOAD c:/freescale/kds_v3/toolchain/bin/../lib/gcc/arm-none-eabi/4.8.4/armv6-m/crtbegin.o
LOAD c:/freescale/kds_v3/toolchain/bin/../lib/gcc/arm-none-eabi/4.8.4/../../../../arm-none-eabi/lib/armv6-m/crt0.o
LOAD ./Sources/I2C_MKL25Z4.o
LOAD ./Sources/drv_lcd.o
LOAD ./Sources/model_fm_tuner.o
LOAD ./Project_Settings/Startup_Code/system_MKL25Z4.o
LOAD ./KSDK/hal/fsl_i2c_hal.o
LOAD ./KSDK/hal/fsl_misc_utilities.o
LOAD ./KSDK/hal/fsl_spi_hal.o
LOAD ./FreeRTOS/src/croutine.o
LOAD ./FreeRTOS/src/event_groups.o
LOAD ./FreeRTOS/src/heap_1.o
LOAD ./FreeRTOS/src/heap_2.o
LOAD ./FreeRTOS/src/heap_3.o
LOAD ./FreeRTOS/src/heap_4.o
LOAD ./FreeRTOS/src/list.o
LOAD ./FreeRTOS/src/queue.o
LOAD ./FreeRTOS/src/tasks.o
LOAD ./FreeRTOS/src/timers.o
LOAD ./FreeRTOS/port/port.o
LOAD ./FreeRTOS/startup_MKL25Z4.o
LOAD c:/freescale/kds_v3/toolchain/bin/../lib/gcc/arm-none-eabi/4.8.4/../../../../arm-none-eabi/lib/armv6-m\libstdc++_s.a
LOAD c:/freescale/kds_v3/toolchain/bin/../lib/gcc/arm-none-eabi/4.8.4/../../../../arm-none-eabi/lib/armv6-m\libm.a
START GROUP
LOAD c:/freescale/kds_v3/toolchain/bin/../lib/gcc/arm-none-eabi/4.8.4/armv6-m\libgcc.a
LOAD c:/freescale/kds_v3/toolchain/bin/../lib/gcc/arm-none-eabi/4.8.4/../../../../arm-none-eabi/lib/armv6-m\libg_s.a
LOAD c:/freescale/kds_v3/toolchain/bin/../lib/gcc/arm-none-eabi/4.8.4/../../../../arm-none-eabi/lib/armv6-m\libc_s.a
END GROUP
START GROUP
LOAD c:/freescale/kds_v3/toolchain/bin/../lib/gcc/arm-none-eabi/4.8.4/armv6-m\libgcc.a
LOAD c:/freescale/kds_v3/toolchain/bin/../lib/gcc/arm-none-eabi/4.8.4/../../../../arm-none-eabi/lib/armv6-m\libc_s.a
LOAD c:/freescale/kds_v3/toolchain/bin/../lib/gcc/arm-none-eabi/4.8.4/../../../../arm-none-eabi/lib/armv6-m\libnosys.a
END GROUP
START GROUP
LOAD c:/freescale/kds_v3/toolchain/bin/../lib/gcc/arm-none-eabi/4.8.4/armv6-m\libgcc.a
LOAD c:/freescale/kds_v3/toolchain/bin/../lib/gcc/arm-none-eabi/4.8.4/../../../../arm-none-eabi/lib/armv6-m\libc_s.a
LOAD c:/freescale/kds_v3/toolchain/bin/../lib/gcc/arm-none-eabi/4.8.4/../../../../arm-none-eabi/lib/armv6-m\libnosys.a
END GROUP
LOAD c:/freescale/kds_v3/toolchain/bin/../lib/gcc/arm-none-eabi/4.8.4/armv6-m/crtend.o
LOAD c:/freescale/kds_v3/toolchain/bin/../lib/gcc/arm-none-eabi/4.8.4/armv6-m/crtn.o
                0x00000400                HEAP_SIZE = DEFINED (__heap_size__)?__heap_size__:0x400
                0x00000400                STACK_SIZE = DEFINED (__stack_size__)?__stack_size__:0x400

.interrupts     0x00000000       0xc0
                0x00000000                __VECTOR_TABLE = .
                0x00000000                . = ALIGN (0x4)
 *(.isr_vector)
 .isr_vector    0x00000000       0xc0 ./FreeRTOS/startup_MKL25Z4.o
                0x00000000                __isr_vector
                0x000000c0                . = ALIGN (0x4)

.flash_config   0x00000400       0x10
                0x00000400                . = ALIGN (0x4)
 *(.FlashConfig)
 .FlashConfig   0x00000400       0x10 ./FreeRTOS/startup_MKL25Z4.o
                0x00000410                . = ALIGN (0x4)

.text           0x00000410     0x3ef4
                0x00000410                . = ALIGN (0x4)
 *(.text)
 .text          0x00000410       0x60 c:/freescale/kds_v3/toolchain/bin/../lib/gcc/arm-none-eabi/4.8.4/armv6-m/crtbegin.o
 .text          0x00000470       0x78 c:/freescale/kds_v3/toolchain/bin/../lib/gcc/arm-none-eabi/4.8.4/../../../../arm-none-eabi/lib/armv6-m/crt0.o
                0x00000470                _start
                0x00000470                _mainCRTStartup
 .text          0x000004e8       0x34 ./FreeRTOS/startup_MKL25Z4.o
                0x000004e8                Reset_Handler
                0x00000514                HardFault_Handler
                0x00000514                SysTick_Handler
                0x00000514                PendSV_Handler
                0x00000514                NMI_Handler
                0x00000514                UART1_IRQHandler
                0x00000514                DMA2_IRQHandler
                0x00000514                TPM0_IRQHandler
                0x00000514                LLWU_IRQHandler
                0x00000514                TSI0_IRQHandler
                0x00000514                UART0_IRQHandler
                0x00000514                ADC0_IRQHandler
                0x00000514                Reserved39_IRQHandler
                0x00000514                SPI1_IRQHandler
                0x00000514                DefaultISR
                0x00000514                PORTD_IRQHandler
                0x00000514                TPM2_IRQHandler
                0x00000514                RTC_IRQHandler
                0x00000514                I2C0_IRQHandler
                0x00000514                RTC_Seconds_IRQHandler
                0x00000514                MCG_IRQHandler
                0x00000514                UART2_IRQHandler
                0x00000514                Reserved20_IRQHandler
                0x00000514                USB0_IRQHandler
                0x00000514                PIT_IRQHandler
                0x00000514                SVC_Handler
                0x00000514                DMA3_IRQHandler
                0x00000514                DMA0_IRQHandler
                0x00000514                DAC0_IRQHandler
                0x00000514                Reserved45_IRQHandler
                0x00000514                TPM1_IRQHandler
                0x00000514                LVD_LVW_IRQHandler
                0x00000514                SPI0_IRQHandler
                0x00000514                PORTA_IRQHandler
                0x00000514                FTFA_IRQHandler
                0x00000514                LPTMR0_IRQHandler
                0x00000514                CMP0_IRQHandler
                0x00000514                DMA1_IRQHandler
 .text          0x0000051c       0x9c c:/freescale/kds_v3/toolchain/bin/../lib/gcc/arm-none-eabi/4.8.4/armv6-m\libgcc.a(_udivsi3.o)
                0x0000051c                __aeabi_uidiv
                0x0000051c                __udivsi3
                0x000005a4                __aeabi_uidivmod
 .text          0x000005b8        0x4 c:/freescale/kds_v3/toolchain/bin/../lib/gcc/arm-none-eabi/4.8.4/armv6-m\libgcc.a(_dvmd_tls.o)
                0x000005b8                __aeabi_idiv0
                0x000005b8                __aeabi_ldiv0
 *(.text*)
 .text.NVIC_EnableIRQ
                0x000005bc       0x2c ./Sources/I2C_MKL25Z4.o
 .text.NVIC_DisableIRQ
                0x000005e8       0x2c ./Sources/I2C_MKL25Z4.o
 .text.NVIC_ClearPendingIRQ
                0x00000614       0x2c ./Sources/I2C_MKL25Z4.o
 .text.I2C_HAL_Enable
                0x00000640       0x1c ./Sources/I2C_MKL25Z4.o
 .text.I2C_HAL_Disable
                0x0000065c       0x1c ./Sources/I2C_MKL25Z4.o
 .text.I2C_HAL_SendAck
                0x00000678       0x1c ./Sources/I2C_MKL25Z4.o
 .text.I2C_HAL_SendNak
                0x00000694       0x1c ./Sources/I2C_MKL25Z4.o
 .text.I2C_HAL_SetDirMode
                0x000006b0       0x28 ./Sources/I2C_MKL25Z4.o
 .text.I2C_HAL_GetDirMode
                0x000006d8       0x20 ./Sources/I2C_MKL25Z4.o
 .text.I2C_HAL_ReadByte
                0x000006f8       0x18 ./Sources/I2C_MKL25Z4.o
 .text.I2C_HAL_WriteByte
                0x00000710       0x1c ./Sources/I2C_MKL25Z4.o
 .text.I2C_HAL_SetGeneralCallCmd
                0x0000072c       0x28 ./Sources/I2C_MKL25Z4.o
 .text.I2C_HAL_GetStatusFlag
                0x00000754       0x34 ./Sources/I2C_MKL25Z4.o
 .text.I2C_HAL_IsMaster
                0x00000788       0x24 ./Sources/I2C_MKL25Z4.o
 .text.I2C_HAL_ClearArbitrationLost
                0x000007ac       0x14 ./Sources/I2C_MKL25Z4.o
 .text.I2C_HAL_SetIntCmd
                0x000007c0       0x28 ./Sources/I2C_MKL25Z4.o
 .text.I2C_HAL_ClearInt
                0x000007e8       0x14 ./Sources/I2C_MKL25Z4.o
 .text.PINS_PinConfigure
                0x000007fc       0x38 ./Sources/I2C_MKL25Z4.o
 .text.PINS_PinCodeToPortClockMask
                0x00000834       0x54 ./Sources/I2C_MKL25Z4.o
 .text.PINS_EnablePinPortClock
                0x00000888       0x38 ./Sources/I2C_MKL25Z4.o
 .text.GetClockFreq
                0x000008c0       0x38 ./Sources/I2C_MKL25Z4.o
 .text.I2C_GetVersion
                0x000008f8       0x34 ./Sources/I2C_MKL25Z4.o
 .text.I2C_GetCapabilities
                0x0000092c       0x10 ./Sources/I2C_MKL25Z4.o
 .text.I2Cx_Initialize
                0x0000093c       0xc8 ./Sources/I2C_MKL25Z4.o
 .text.I2Cx_Uninitialize
                0x00000a04       0x90 ./Sources/I2C_MKL25Z4.o
 .text.I2Cx_PowerControl
                0x00000a94      0x16c ./Sources/I2C_MKL25Z4.o
 .text.I2Cx_MasterTransmit
                0x00000c00      0x128 ./Sources/I2C_MKL25Z4.o
 .text.I2Cx_MasterReceive
                0x00000d28      0x128 ./Sources/I2C_MKL25Z4.o
 .text.I2Cx_SlaveTransmit
                0x00000e50       0xa8 ./Sources/I2C_MKL25Z4.o
 .text.I2Cx_SlaveReceive
                0x00000ef8       0xa8 ./Sources/I2C_MKL25Z4.o
 .text.I2Cx_GetDataCount
                0x00000fa0       0x18 ./Sources/I2C_MKL25Z4.o
 .text.I2Cx_Control
                0x00000fb8      0x144 ./Sources/I2C_MKL25Z4.o
 .text.I2Cx_GetStatus
                0x000010fc       0x18 ./Sources/I2C_MKL25Z4.o
 .text.I2Cx_MasterHandler
                0x00001114      0x2a4 ./Sources/I2C_MKL25Z4.o
 .text.I2Cx_SlaveHandler
                0x000013b8       0x1c ./Sources/I2C_MKL25Z4.o
 .text.I2Cx_IRQHandler
                0x000013d4       0x54 ./Sources/I2C_MKL25Z4.o
 .text.I2C1_Initialize
                0x00001428       0x24 ./Sources/I2C_MKL25Z4.o
 .text.I2C1_Uninitialize
                0x0000144c       0x18 ./Sources/I2C_MKL25Z4.o
 .text.I2C1_PowerControl
                0x00001464       0x28 ./Sources/I2C_MKL25Z4.o
 .text.I2C1_MasterTransmit
                0x0000148c       0x34 ./Sources/I2C_MKL25Z4.o
 .text.I2C1_MasterReceive
                0x000014c0       0x34 ./Sources/I2C_MKL25Z4.o
 .text.I2C1_SlaveTransmit
                0x000014f4       0x28 ./Sources/I2C_MKL25Z4.o
 .text.I2C1_SlaveReceive
                0x0000151c       0x28 ./Sources/I2C_MKL25Z4.o
 .text.I2C1_GetDataCount
                0x00001544       0x18 ./Sources/I2C_MKL25Z4.o
 .text.I2C1_Control
                0x0000155c       0x28 ./Sources/I2C_MKL25Z4.o
 .text.I2C1_GetStatus
                0x00001584       0x18 ./Sources/I2C_MKL25Z4.o
 .text.I2C1_IRQHandler
                0x0000159c       0x14 ./Sources/I2C_MKL25Z4.o
                0x0000159c                I2C1_IRQHandler
 .text.LCD_initialize
                0x000015b0      0x180 ./Sources/drv_lcd.o
                0x000015b0                LCD_initialize
 .text.LCD_set_cursor
                0x00001730       0xb8 ./Sources/drv_lcd.o
                0x00001730                LCD_set_cursor
 .text.LCD_putch
                0x000017e8       0x1c ./Sources/drv_lcd.o
                0x000017e8                LCD_putch
 .text.LCD_puts
                0x00001804       0x50 ./Sources/drv_lcd.o
                0x00001804                LCD_puts
 .text.LCD_clear
                0x00001854       0x14 ./Sources/drv_lcd.o
                0x00001854                LCD_clear
 .text.lcd_rs_put_val
                0x00001868       0x3c ./Sources/drv_lcd.o
 .text.lcd_rw_put_val
                0x000018a4       0x3c ./Sources/drv_lcd.o
 .text.lcd_e_put_val
                0x000018e0       0x3c ./Sources/drv_lcd.o
 .text.lcd_db4_put_val
                0x0000191c       0x3c ./Sources/drv_lcd.o
 .text.lcd_db5_put_val
                0x00001958       0x3c ./Sources/drv_lcd.o
 .text.lcd_db6_put_val
                0x00001994       0x3c ./Sources/drv_lcd.o
 .text.lcd_db7_put_val
                0x000019d0       0x3c ./Sources/drv_lcd.o
 .text.lcd_db4_get_val
                0x00001a0c       0x20 ./Sources/drv_lcd.o
 .text.lcd_db5_get_val
                0x00001a2c       0x20 ./Sources/drv_lcd.o
 .text.lcd_db6_get_val
                0x00001a4c       0x20 ./Sources/drv_lcd.o
 .text.lcd_db7_get_val
                0x00001a6c       0x20 ./Sources/drv_lcd.o
 .text.lcd_delay_us
                0x00001a8c       0x2c ./Sources/drv_lcd.o
 .text.lcd_pulse_e_pin
                0x00001ab8       0x18 ./Sources/drv_lcd.o
 .text.lcd_wr_register
                0x00001ad0       0xfc ./Sources/drv_lcd.o
 .text.lcd_wr_data
                0x00001bcc      0x108 ./Sources/drv_lcd.o
 .text.lcd_wait_bf
                0x00001cd4      0x144 ./Sources/drv_lcd.o
 .text.i2c_event
                0x00001e18       0x10 ./Sources/model_fm_tuner.o
                0x00001e18                i2c_event
 .text.main     0x00001e28       0x84 ./Sources/model_fm_tuner.o
                0x00001e28                main
 .text.TaskPrint
                0x00001eac       0x44 ./Sources/model_fm_tuner.o
                0x00001eac                TaskPrint
 .text.delay    0x00001ef0       0x20 ./Sources/model_fm_tuner.o
                0x00001ef0                delay
 .text.write_freq
                0x00001f10       0xcc ./Sources/model_fm_tuner.o
                0x00001f10                write_freq
 .text.SystemInit
                0x00001fdc      0x178 ./Project_Settings/Startup_Code/system_MKL25Z4.o
                0x00001fdc                SystemInit
 .text.I2C_HAL_GetStatusFlag
                0x00002154       0x34 ./KSDK/hal/fsl_i2c_hal.o
 .text.I2C_HAL_Init
                0x00002188       0x50 ./KSDK/hal/fsl_i2c_hal.o
                0x00002188                I2C_HAL_Init
 .text.I2C_HAL_SetBaudRate
                0x000021d8       0xe0 ./KSDK/hal/fsl_i2c_hal.o
                0x000021d8                I2C_HAL_SetBaudRate
 .text.I2C_HAL_SendStart
                0x000022b8       0x8c ./KSDK/hal/fsl_i2c_hal.o
                0x000022b8                I2C_HAL_SendStart
 .text.I2C_HAL_SendStop
                0x00002344       0x78 ./KSDK/hal/fsl_i2c_hal.o
                0x00002344                I2C_HAL_SendStop
 .text.pvPortMalloc
                0x000023bc      0x118 ./FreeRTOS/src/heap_2.o
                0x000023bc                pvPortMalloc
 .text.vPortFree
                0x000024d4       0x70 ./FreeRTOS/src/heap_2.o
                0x000024d4                vPortFree
 .text.prvHeapInit
                0x00002544       0x4c ./FreeRTOS/src/heap_2.o
 .text.vListInitialise
                0x00002590       0x3c ./FreeRTOS/src/list.o
                0x00002590                vListInitialise
 .text.vListInitialiseItem
                0x000025cc       0x14 ./FreeRTOS/src/list.o
                0x000025cc                vListInitialiseItem
 .text.vListInsertEnd
                0x000025e0       0x44 ./FreeRTOS/src/list.o
                0x000025e0                vListInsertEnd
 .text.vListInsert
                0x00002624       0x6c ./FreeRTOS/src/list.o
                0x00002624                vListInsert
 .text.uxListRemove
                0x00002690       0x50 ./FreeRTOS/src/list.o
                0x00002690                uxListRemove
 .text.xTaskGenericCreate
                0x000026e0      0x16c ./FreeRTOS/src/tasks.o
                0x000026e0                xTaskGenericCreate
 .text.vTaskDelay
                0x0000284c       0x64 ./FreeRTOS/src/tasks.o
                0x0000284c                vTaskDelay
 .text.vTaskStartScheduler
                0x000028b0       0x64 ./FreeRTOS/src/tasks.o
                0x000028b0                vTaskStartScheduler
 .text.vTaskSuspendAll
                0x00002914       0x18 ./FreeRTOS/src/tasks.o
                0x00002914                vTaskSuspendAll
 .text.xTaskResumeAll
                0x0000292c      0x108 ./FreeRTOS/src/tasks.o
                0x0000292c                xTaskResumeAll
 .text.xTaskIncrementTick
                0x00002a34      0x16c ./FreeRTOS/src/tasks.o
                0x00002a34                xTaskIncrementTick
 .text.vTaskSwitchContext
                0x00002ba0       0xa0 ./FreeRTOS/src/tasks.o
                0x00002ba0                vTaskSwitchContext
 .text.prvIdleTask
                0x00002c40       0x20 ./FreeRTOS/src/tasks.o
 .text.prvInitialiseTCBVariables
                0x00002c60       0x90 ./FreeRTOS/src/tasks.o
 .text.prvInitialiseTaskLists
                0x00002cf0       0x7c ./FreeRTOS/src/tasks.o
 .text.prvCheckTasksWaitingTermination
                0x00002d6c        0x8 ./FreeRTOS/src/tasks.o
 .text.prvAddCurrentTaskToDelayedList
                0x00002d74       0x6c ./FreeRTOS/src/tasks.o
 .text.prvAllocateTCBAndStack
                0x00002de0       0x70 ./FreeRTOS/src/tasks.o
 .text.prvResetNextTaskUnblockTime
                0x00002e50       0x44 ./FreeRTOS/src/tasks.o
 .text.pxPortInitialiseStack
                0x00002e94       0x50 ./FreeRTOS/port/port.o
                0x00002e94                pxPortInitialiseStack
 .text.vPortInitTickTimer
                0x00002ee4       0x3c ./FreeRTOS/port/port.o
                0x00002ee4                vPortInitTickTimer
 .text.vPortStartTickTimer
                0x00002f20       0x14 ./FreeRTOS/port/port.o
                0x00002f20                vPortStartTickTimer
 .text.xPortStartScheduler
                0x00002f34       0x34 ./FreeRTOS/port/port.o
                0x00002f34                xPortStartScheduler
 .text.vPortEnterCritical
                0x00002f68       0x20 ./FreeRTOS/port/port.o
                0x00002f68                vPortEnterCritical
 .text.vPortExitCritical
                0x00002f88       0x20 ./FreeRTOS/port/port.o
                0x00002f88                vPortExitCritical
 .text.vPortYieldFromISR
                0x00002fa8       0x1c ./FreeRTOS/port/port.o
                0x00002fa8                vPortYieldFromISR
 .text.vPortTickHandler
                0x00002fc4       0x1c ./FreeRTOS/port/port.o
                0x00002fc4                vPortTickHandler
 .text.vPortStartFirstTask
                0x00002fe0       0x1c ./FreeRTOS/port/port.o
                0x00002fe0                vPortStartFirstTask
 .text.vPortSVCHandler
                0x00002ffc       0x28 ./FreeRTOS/port/port.o
                0x00002ffc                vPortSVCHandler
 .text.vPortPendSVHandler
                0x00003024       0x44 ./FreeRTOS/port/port.o
                0x00003024                vPortPendSVHandler
 .text.__assert_func
                0x00003068       0x3c c:/freescale/kds_v3/toolchain/bin/../lib/gcc/arm-none-eabi/4.8.4/../../../../arm-none-eabi/lib/armv6-m\libg_s.a(lib_a-assert.o)
                0x00003068                __assert_func
 .text.exit     0x000030a4       0x2c c:/freescale/kds_v3/toolchain/bin/../lib/gcc/arm-none-eabi/4.8.4/../../../../arm-none-eabi/lib/armv6-m\libg_s.a(lib_a-exit.o)
                0x000030a4                exit
 .text.fprintf  0x000030d0       0x24 c:/freescale/kds_v3/toolchain/bin/../lib/gcc/arm-none-eabi/4.8.4/../../../../arm-none-eabi/lib/armv6-m\libg_s.a(lib_a-fprintf.o)
                0x000030d0                fiprintf
                0x000030d0                fprintf
 .text.__libc_init_array
                0x000030f4       0x4c c:/freescale/kds_v3/toolchain/bin/../lib/gcc/arm-none-eabi/4.8.4/../../../../arm-none-eabi/lib/armv6-m\libg_s.a(lib_a-init.o)
                0x000030f4                __libc_init_array
 .text.memset   0x00003140       0x10 c:/freescale/kds_v3/toolchain/bin/../lib/gcc/arm-none-eabi/4.8.4/../../../../arm-none-eabi/lib/armv6-m\libg_s.a(lib_a-memset.o)
                0x00003140                memset
 .text.__sfputc_r
                0x00003150       0x2a c:/freescale/kds_v3/toolchain/bin/../lib/gcc/arm-none-eabi/4.8.4/../../../../arm-none-eabi/lib/armv6-m\libg_s.a(lib_a-vfprintf.o)
 .text.__sfputs_r
                0x0000317a       0x24 c:/freescale/kds_v3/toolchain/bin/../lib/gcc/arm-none-eabi/4.8.4/../../../../arm-none-eabi/lib/armv6-m\libg_s.a(lib_a-vfprintf.o)
                0x0000317a                __sfputs_r
 *fill*         0x0000319e        0x2 
 .text._vfprintf_r
                0x000031a0      0x210 c:/freescale/kds_v3/toolchain/bin/../lib/gcc/arm-none-eabi/4.8.4/../../../../arm-none-eabi/lib/armv6-m\libg_s.a(lib_a-vfprintf.o)
                0x000031a0                _vfprintf_r
                0x000031a0                _vfiprintf_r
 .text._printf_common
                0x000033b0       0xe8 c:/freescale/kds_v3/toolchain/bin/../lib/gcc/arm-none-eabi/4.8.4/../../../../arm-none-eabi/lib/armv6-m\libg_s.a(lib_a-vfprintf_i.o)
                0x000033b0                _printf_common
 .text._printf_i
                0x00003498      0x22c c:/freescale/kds_v3/toolchain/bin/../lib/gcc/arm-none-eabi/4.8.4/../../../../arm-none-eabi/lib/armv6-m\libg_s.a(lib_a-vfprintf_i.o)
                0x00003498                _printf_i
 .text.__swbuf_r
                0x000036c4       0xb0 c:/freescale/kds_v3/toolchain/bin/../lib/gcc/arm-none-eabi/4.8.4/../../../../arm-none-eabi/lib/armv6-m\libg_s.a(lib_a-wbuf.o)
                0x000036c4                __swbuf_r
 .text.__swsetup_r
                0x00003774       0xe4 c:/freescale/kds_v3/toolchain/bin/../lib/gcc/arm-none-eabi/4.8.4/../../../../arm-none-eabi/lib/armv6-m\libg_s.a(lib_a-wsetup.o)
                0x00003774                __swsetup_r
 .text.abort    0x00003858        0xe c:/freescale/kds_v3/toolchain/bin/../lib/gcc/arm-none-eabi/4.8.4/../../../../arm-none-eabi/lib/armv6-m\libg_s.a(lib_a-abort.o)
                0x00003858                abort
 .text.__sflush_r
                0x00003866      0x112 c:/freescale/kds_v3/toolchain/bin/../lib/gcc/arm-none-eabi/4.8.4/../../../../arm-none-eabi/lib/armv6-m\libg_s.a(lib_a-fflush.o)
                0x00003866                __sflush_r
 .text._fflush_r
                0x00003978       0x58 c:/freescale/kds_v3/toolchain/bin/../lib/gcc/arm-none-eabi/4.8.4/../../../../arm-none-eabi/lib/armv6-m\libg_s.a(lib_a-fflush.o)
                0x00003978                _fflush_r
 .text._cleanup_r
                0x000039d0       0x34 c:/freescale/kds_v3/toolchain/bin/../lib/gcc/arm-none-eabi/4.8.4/../../../../arm-none-eabi/lib/armv6-m\libg_s.a(lib_a-findfp.o)
                0x000039d0                _cleanup_r
 .text.std.isra.0
                0x00003a04       0x48 c:/freescale/kds_v3/toolchain/bin/../lib/gcc/arm-none-eabi/4.8.4/../../../../arm-none-eabi/lib/armv6-m\libg_s.a(lib_a-findfp.o)
 .text.__sfmoreglue
                0x00003a4c       0x2c c:/freescale/kds_v3/toolchain/bin/../lib/gcc/arm-none-eabi/4.8.4/../../../../arm-none-eabi/lib/armv6-m\libg_s.a(lib_a-findfp.o)
                0x00003a4c                __sfmoreglue
 .text.__sinit  0x00003a78       0x64 c:/freescale/kds_v3/toolchain/bin/../lib/gcc/arm-none-eabi/4.8.4/../../../../arm-none-eabi/lib/armv6-m\libg_s.a(lib_a-findfp.o)
                0x00003a78                __sinit
 .text.__sfp    0x00003adc       0x7c c:/freescale/kds_v3/toolchain/bin/../lib/gcc/arm-none-eabi/4.8.4/../../../../arm-none-eabi/lib/armv6-m\libg_s.a(lib_a-findfp.o)
                0x00003adc                __sfp
 .text.__smakebuf_r
                0x00003b58       0xa0 c:/freescale/kds_v3/toolchain/bin/../lib/gcc/arm-none-eabi/4.8.4/../../../../arm-none-eabi/lib/armv6-m\libg_s.a(lib_a-makebuf.o)
                0x00003b58                __smakebuf_r
 .text.memchr   0x00003bf8       0x16 c:/freescale/kds_v3/toolchain/bin/../lib/gcc/arm-none-eabi/4.8.4/../../../../arm-none-eabi/lib/armv6-m\libg_s.a(lib_a-memchr-stub.o)
                0x00003bf8                memchr
 *fill*         0x00003c0e        0x2 
 .text._free_r  0x00003c10       0x90 c:/freescale/kds_v3/toolchain/bin/../lib/gcc/arm-none-eabi/4.8.4/../../../../arm-none-eabi/lib/armv6-m\libg_s.a(lib_a-nano-freer.o)
                0x00003c10                _free_r
 .text._malloc_r
                0x00003ca0       0xa8 c:/freescale/kds_v3/toolchain/bin/../lib/gcc/arm-none-eabi/4.8.4/../../../../arm-none-eabi/lib/armv6-m\libg_s.a(lib_a-nano-mallocr.o)
                0x00003ca0                _malloc_r
 .text._sbrk_r  0x00003d48       0x24 c:/freescale/kds_v3/toolchain/bin/../lib/gcc/arm-none-eabi/4.8.4/../../../../arm-none-eabi/lib/armv6-m\libg_s.a(lib_a-sbrkr.o)
                0x00003d48                _sbrk_r
 .text._raise_r
                0x00003d6c       0x56 c:/freescale/kds_v3/toolchain/bin/../lib/gcc/arm-none-eabi/4.8.4/../../../../arm-none-eabi/lib/armv6-m\libg_s.a(lib_a-signal.o)
                0x00003d6c                _raise_r
 *fill*         0x00003dc2        0x2 
 .text.raise    0x00003dc4       0x14 c:/freescale/kds_v3/toolchain/bin/../lib/gcc/arm-none-eabi/4.8.4/../../../../arm-none-eabi/lib/armv6-m\libg_s.a(lib_a-signal.o)
                0x00003dc4                raise
 .text._kill_r  0x00003dd8       0x24 c:/freescale/kds_v3/toolchain/bin/../lib/gcc/arm-none-eabi/4.8.4/../../../../arm-none-eabi/lib/armv6-m\libg_s.a(lib_a-signalr.o)
                0x00003dd8                _kill_r
 .text._getpid_r
                0x00003dfc        0x8 c:/freescale/kds_v3/toolchain/bin/../lib/gcc/arm-none-eabi/4.8.4/../../../../arm-none-eabi/lib/armv6-m\libg_s.a(lib_a-signalr.o)
                0x00003dfc                _getpid_r
 .text.__sread  0x00003e04       0x28 c:/freescale/kds_v3/toolchain/bin/../lib/gcc/arm-none-eabi/4.8.4/../../../../arm-none-eabi/lib/armv6-m\libg_s.a(lib_a-stdio.o)
                0x00003e04                __sread
 .text.__swrite
                0x00003e2c       0x38 c:/freescale/kds_v3/toolchain/bin/../lib/gcc/arm-none-eabi/4.8.4/../../../../arm-none-eabi/lib/armv6-m\libg_s.a(lib_a-stdio.o)
                0x00003e2c                __swrite
 .text.__sseek  0x00003e64       0x2c c:/freescale/kds_v3/toolchain/bin/../lib/gcc/arm-none-eabi/4.8.4/../../../../arm-none-eabi/lib/armv6-m\libg_s.a(lib_a-stdio.o)
                0x00003e64                __sseek
 .text.__sclose
                0x00003e90        0xc c:/freescale/kds_v3/toolchain/bin/../lib/gcc/arm-none-eabi/4.8.4/../../../../arm-none-eabi/lib/armv6-m\libg_s.a(lib_a-stdio.o)
                0x00003e90                __sclose
 .text.strlen   0x00003e9c        0xe c:/freescale/kds_v3/toolchain/bin/../lib/gcc/arm-none-eabi/4.8.4/../../../../arm-none-eabi/lib/armv6-m\libg_s.a(lib_a-strlen.o)
                0x00003e9c                strlen
 *fill*         0x00003eaa        0x2 
 .text._write_r
                0x00003eac       0x28 c:/freescale/kds_v3/toolchain/bin/../lib/gcc/arm-none-eabi/4.8.4/../../../../arm-none-eabi/lib/armv6-m\libg_s.a(lib_a-writer.o)
                0x00003eac                _write_r
 .text._close_r
                0x00003ed4       0x24 c:/freescale/kds_v3/toolchain/bin/../lib/gcc/arm-none-eabi/4.8.4/../../../../arm-none-eabi/lib/armv6-m\libg_s.a(lib_a-closer.o)
                0x00003ed4                _close_r
 .text._fstat_r
                0x00003ef8       0x24 c:/freescale/kds_v3/toolchain/bin/../lib/gcc/arm-none-eabi/4.8.4/../../../../arm-none-eabi/lib/armv6-m\libg_s.a(lib_a-fstatr.o)
                0x00003ef8                _fstat_r
 .text._isatty_r
                0x00003f1c       0x24 c:/freescale/kds_v3/toolchain/bin/../lib/gcc/arm-none-eabi/4.8.4/../../../../arm-none-eabi/lib/armv6-m\libg_s.a(lib_a-isattyr.o)
                0x00003f1c                _isatty_r
 .text._lseek_r
                0x00003f40       0x28 c:/freescale/kds_v3/toolchain/bin/../lib/gcc/arm-none-eabi/4.8.4/../../../../arm-none-eabi/lib/armv6-m\libg_s.a(lib_a-lseekr.o)
                0x00003f40                _lseek_r
 .text._read_r  0x00003f68       0x28 c:/freescale/kds_v3/toolchain/bin/../lib/gcc/arm-none-eabi/4.8.4/../../../../arm-none-eabi/lib/armv6-m\libg_s.a(lib_a-readr.o)
                0x00003f68                _read_r
 .text._close   0x00003f90       0x10 c:/freescale/kds_v3/toolchain/bin/../lib/gcc/arm-none-eabi/4.8.4/../../../../arm-none-eabi/lib/armv6-m\libnosys.a(close.o)
                0x00003f90                _close
 .text._fstat   0x00003fa0       0x10 c:/freescale/kds_v3/toolchain/bin/../lib/gcc/arm-none-eabi/4.8.4/../../../../arm-none-eabi/lib/armv6-m\libnosys.a(fstat.o)
                0x00003fa0                _fstat
 .text._getpid  0x00003fb0       0x10 c:/freescale/kds_v3/toolchain/bin/../lib/gcc/arm-none-eabi/4.8.4/../../../../arm-none-eabi/lib/armv6-m\libnosys.a(getpid.o)
                0x00003fb0                _getpid
 .text._isatty  0x00003fc0       0x10 c:/freescale/kds_v3/toolchain/bin/../lib/gcc/arm-none-eabi/4.8.4/../../../../arm-none-eabi/lib/armv6-m\libnosys.a(isatty.o)
                0x00003fc0                _isatty
 .text._kill    0x00003fd0       0x10 c:/freescale/kds_v3/toolchain/bin/../lib/gcc/arm-none-eabi/4.8.4/../../../../arm-none-eabi/lib/armv6-m\libnosys.a(kill.o)
                0x00003fd0                _kill
 .text._lseek   0x00003fe0       0x10 c:/freescale/kds_v3/toolchain/bin/../lib/gcc/arm-none-eabi/4.8.4/../../../../arm-none-eabi/lib/armv6-m\libnosys.a(lseek.o)
                0x00003fe0                _lseek
 .text._read    0x00003ff0       0x10 c:/freescale/kds_v3/toolchain/bin/../lib/gcc/arm-none-eabi/4.8.4/../../../../arm-none-eabi/lib/armv6-m\libnosys.a(read.o)
                0x00003ff0                _read
 .text._sbrk    0x00004000       0x34 c:/freescale/kds_v3/toolchain/bin/../lib/gcc/arm-none-eabi/4.8.4/../../../../arm-none-eabi/lib/armv6-m\libnosys.a(sbrk.o)
                0x00004000                _sbrk
 .text._write   0x00004034       0x10 c:/freescale/kds_v3/toolchain/bin/../lib/gcc/arm-none-eabi/4.8.4/../../../../arm-none-eabi/lib/armv6-m\libnosys.a(write.o)
                0x00004034                _write
 .text._exit    0x00004044        0x4 c:/freescale/kds_v3/toolchain/bin/../lib/gcc/arm-none-eabi/4.8.4/../../../../arm-none-eabi/lib/armv6-m\libnosys.a(_exit.o)
                0x00004044                _exit
 *(.rodata)
 .rodata        0x00004048       0x24 ./Sources/model_fm_tuner.o
 .rodata        0x0000406c       0x6c ./KSDK/hal/fsl_i2c_hal.o
 .rodata        0x000040d8        0x8 ./FreeRTOS/src/tasks.o
 *(.rodata*)
 .rodata.PINS_PinCodeToPortClockMask
                0x000040e0       0x14 ./Sources/I2C_MKL25Z4.o
 .rodata.DriverVersion
                0x000040f4        0x4 ./Sources/I2C_MKL25Z4.o
 .rodata.I2C1_Resources
                0x000040f8       0x10 ./Sources/I2C_MKL25Z4.o
 .rodata.Driver_I2C1
                0x00004108       0x30 ./Sources/I2C_MKL25Z4.o
                0x00004108                Driver_I2C1
 .rodata.kI2CDividerTable
                0x00004138       0xc8 ./KSDK/hal/fsl_i2c_hal.o
                0x00004138                kI2CDividerTable
 .rodata.__func__.5260
                0x00004200       0x14 ./KSDK/hal/fsl_i2c_hal.o
 .rodata.str1.1
                0x00004214       0x3c c:/freescale/kds_v3/toolchain/bin/../lib/gcc/arm-none-eabi/4.8.4/../../../../arm-none-eabi/lib/armv6-m\libg_s.a(lib_a-assert.o)
                                 0x3d (size before relaxing)
 .rodata.str1.1
                0x00004250        0x2 c:/freescale/kds_v3/toolchain/bin/../lib/gcc/arm-none-eabi/4.8.4/../../../../arm-none-eabi/lib/armv6-m\libg_s.a(lib_a-impure.o)
 *fill*         0x00004252        0x2 
 .rodata._global_impure_ptr
                0x00004254        0x4 c:/freescale/kds_v3/toolchain/bin/../lib/gcc/arm-none-eabi/4.8.4/../../../../arm-none-eabi/lib/armv6-m\libg_s.a(lib_a-impure.o)
                0x00004254                _global_impure_ptr
 .rodata.str1.1
                0x00004258       0x11 c:/freescale/kds_v3/toolchain/bin/../lib/gcc/arm-none-eabi/4.8.4/../../../../arm-none-eabi/lib/armv6-m\libg_s.a(lib_a-vfprintf.o)
 .rodata.str1.1
                0x00004269       0x22 c:/freescale/kds_v3/toolchain/bin/../lib/gcc/arm-none-eabi/4.8.4/../../../../arm-none-eabi/lib/armv6-m\libg_s.a(lib_a-vfprintf_i.o)
 *fill*         0x0000428b        0x1 
 .rodata.__sf_fake_stdin
                0x0000428c       0x20 c:/freescale/kds_v3/toolchain/bin/../lib/gcc/arm-none-eabi/4.8.4/../../../../arm-none-eabi/lib/armv6-m\libg_s.a(lib_a-findfp.o)
                0x0000428c                __sf_fake_stdin
 .rodata.__sf_fake_stdout
                0x000042ac       0x20 c:/freescale/kds_v3/toolchain/bin/../lib/gcc/arm-none-eabi/4.8.4/../../../../arm-none-eabi/lib/armv6-m\libg_s.a(lib_a-findfp.o)
                0x000042ac                __sf_fake_stdout
 .rodata.__sf_fake_stderr
                0x000042cc       0x20 c:/freescale/kds_v3/toolchain/bin/../lib/gcc/arm-none-eabi/4.8.4/../../../../arm-none-eabi/lib/armv6-m\libg_s.a(lib_a-findfp.o)
                0x000042cc                __sf_fake_stderr
 *(.glue_7)
 .glue_7        0x00000000        0x0 linker stubs
 *(.glue_7t)
 .glue_7t       0x00000000        0x0 linker stubs
 *(.eh_frame)
 .eh_frame      0x000042ec        0x0 c:/freescale/kds_v3/toolchain/bin/../lib/gcc/arm-none-eabi/4.8.4/armv6-m/crtbegin.o
 *(.init)
 .init          0x000042ec        0x4 c:/freescale/kds_v3/toolchain/bin/../lib/gcc/arm-none-eabi/4.8.4/armv6-m/crti.o
                0x000042ec                _init
 .init          0x000042f0        0x8 c:/freescale/kds_v3/toolchain/bin/../lib/gcc/arm-none-eabi/4.8.4/armv6-m/crtn.o
 *(.fini)
 .fini          0x000042f8        0x4 c:/freescale/kds_v3/toolchain/bin/../lib/gcc/arm-none-eabi/4.8.4/armv6-m/crti.o
                0x000042f8                _fini
 .fini          0x000042fc        0x8 c:/freescale/kds_v3/toolchain/bin/../lib/gcc/arm-none-eabi/4.8.4/armv6-m/crtn.o
                0x00004304                . = ALIGN (0x4)

.vfp11_veneer   0x00004304        0x0
 .vfp11_veneer  0x00000000        0x0 linker stubs

.v4_bx          0x00004304        0x0
 .v4_bx         0x00000000        0x0 linker stubs

.iplt           0x00004304        0x0
 .iplt          0x00000000        0x0 c:/freescale/kds_v3/toolchain/bin/../lib/gcc/arm-none-eabi/4.8.4/armv6-m/crtbegin.o

.ARM.extab
 *(.ARM.extab* .gnu.linkonce.armextab.*)

.ARM            0x00004304        0x8
                0x00004304                __exidx_start = .
 *(.ARM.exidx*)
 .ARM.exidx     0x00004304        0x8 c:/freescale/kds_v3/toolchain/bin/../lib/gcc/arm-none-eabi/4.8.4/../../../../arm-none-eabi/lib/armv6-m/crt0.o
                0x0000430c                __exidx_end = .

.rel.dyn        0x0000430c        0x0
 .rel.iplt      0x00000000        0x0 c:/freescale/kds_v3/toolchain/bin/../lib/gcc/arm-none-eabi/4.8.4/armv6-m/crtbegin.o

.ctors          0x0000430c        0x0
                0x0000430c                __CTOR_LIST__ = .
 *crtbegin.o(.ctors)
 *crtbegin?.o(.ctors)
 *(EXCLUDE_FILE(*crtend.o *crtend?.o) .ctors)
 *(SORT(.ctors.*))
 *(.ctors)
                0x0000430c                __CTOR_END__ = .

.dtors          0x0000430c        0x0
                0x0000430c                __DTOR_LIST__ = .
 *crtbegin.o(.dtors)
 *crtbegin?.o(.dtors)
 *(EXCLUDE_FILE(*crtend.o *crtend?.o) .dtors)
 *(SORT(.dtors.*))
 *(.dtors)
                0x0000430c                __DTOR_END__ = .

.preinit_array  0x0000430c        0x0
                0x0000430c                PROVIDE (__preinit_array_start, .)
 *(.preinit_array*)
                0x0000430c                PROVIDE (__preinit_array_end, .)

.init_array     0x0000430c        0x4
                0x0000430c                PROVIDE (__init_array_start, .)
 *(SORT(.init_array.*))
 *(.init_array*)
 .init_array    0x0000430c        0x4 c:/freescale/kds_v3/toolchain/bin/../lib/gcc/arm-none-eabi/4.8.4/armv6-m/crtbegin.o
                0x00004310                PROVIDE (__init_array_end, .)

.fini_array     0x00004310        0x4
                0x00004310                PROVIDE (__fini_array_start, .)
 *(SORT(.fini_array.*))
 *(.fini_array*)
 .fini_array    0x00004310        0x4 c:/freescale/kds_v3/toolchain/bin/../lib/gcc/arm-none-eabi/4.8.4/armv6-m/crtbegin.o
                0x00004314                PROVIDE (__fini_array_end, .)
                0x00004314                __etext = .
                0x00004314                __DATA_ROM = .

.mtb            0x1ffff000        0x0
                0x1ffff000                . = ALIGN (0x8)
                0x1ffff000                _mtb_start = .
 *(.mtb_buf)
                0x1ffff000                . = ALIGN (0x8)
                0x1ffff000                _mtb_end = .

.data           0x1ffff000       0x74 load address 0x00004314
                0x1ffff000                . = ALIGN (0x4)
                0x1ffff000                __DATA_RAM = .
                0x1ffff000                __data_start__ = .
 *(.data)
 *(.data*)
 .data.xFreeBytesRemaining
                0x1ffff000        0x4 ./FreeRTOS/src/heap_2.o
 .data.xNextTaskUnblockTime
                0x1ffff004        0x4 ./FreeRTOS/src/tasks.o
 .data.uxCriticalNesting
                0x1ffff008        0x4 ./FreeRTOS/port/port.o
 .data.impure_data
                0x1ffff00c       0x60 c:/freescale/kds_v3/toolchain/bin/../lib/gcc/arm-none-eabi/4.8.4/../../../../arm-none-eabi/lib/armv6-m\libg_s.a(lib_a-impure.o)
 .data._impure_ptr
                0x1ffff06c        0x4 c:/freescale/kds_v3/toolchain/bin/../lib/gcc/arm-none-eabi/4.8.4/../../../../arm-none-eabi/lib/armv6-m\libg_s.a(lib_a-impure.o)
                0x1ffff06c                _impure_ptr
 *(.jcr*)
 .jcr           0x1ffff070        0x0 c:/freescale/kds_v3/toolchain/bin/../lib/gcc/arm-none-eabi/4.8.4/armv6-m/crtbegin.o
 .jcr           0x1ffff070        0x4 c:/freescale/kds_v3/toolchain/bin/../lib/gcc/arm-none-eabi/4.8.4/armv6-m/crtend.o
                0x1ffff074                . = ALIGN (0x4)
                0x1ffff074                __data_end__ = .
                0x00004388                __DATA_END = (__DATA_ROM + (__data_end__ - __data_start__))

.igot.plt       0x1ffff074        0x0 load address 0x00004388
 .igot.plt      0x00000000        0x0 c:/freescale/kds_v3/toolchain/bin/../lib/gcc/arm-none-eabi/4.8.4/armv6-m/crtbegin.o

.bss            0x1ffff074     0x2118 load address 0x00004388
                0x1ffff074                . = ALIGN (0x4)
                0x1ffff074                __START_BSS = .
                0x1ffff074                __bss_start__ = .
 *(.bss)
 .bss           0x1ffff074       0x1c c:/freescale/kds_v3/toolchain/bin/../lib/gcc/arm-none-eabi/4.8.4/armv6-m/crtbegin.o
 *(.bss*)
 .bss.I2C1_Ctrl
                0x1ffff090       0x20 ./Sources/I2C_MKL25Z4.o
 .bss.ucHeap    0x1ffff0b0     0x1f9c ./FreeRTOS/src/heap_2.o
 .bss.xStart    0x2000104c        0x8 ./FreeRTOS/src/heap_2.o
 .bss.xEnd      0x20001054        0x8 ./FreeRTOS/src/heap_2.o
 .bss.xHeapHasBeenInitialised.4589
                0x2000105c        0x4 ./FreeRTOS/src/heap_2.o
 .bss.pxCurrentTCB
                0x20001060        0x4 ./FreeRTOS/src/tasks.o
                0x20001060                pxCurrentTCB
 .bss.pxReadyTasksLists
                0x20001064       0x78 ./FreeRTOS/src/tasks.o
 .bss.xDelayedTaskList1
                0x200010dc       0x14 ./FreeRTOS/src/tasks.o
 .bss.xDelayedTaskList2
                0x200010f0       0x14 ./FreeRTOS/src/tasks.o
 .bss.pxDelayedTaskList
                0x20001104        0x4 ./FreeRTOS/src/tasks.o
 .bss.pxOverflowDelayedTaskList
                0x20001108        0x4 ./FreeRTOS/src/tasks.o
 .bss.xPendingReadyList
                0x2000110c       0x14 ./FreeRTOS/src/tasks.o
 .bss.xSuspendedTaskList
                0x20001120       0x14 ./FreeRTOS/src/tasks.o
 .bss.uxCurrentNumberOfTasks
                0x20001134        0x4 ./FreeRTOS/src/tasks.o
 .bss.xTickCount
                0x20001138        0x4 ./FreeRTOS/src/tasks.o
 .bss.uxTopReadyPriority
                0x2000113c        0x4 ./FreeRTOS/src/tasks.o
 .bss.xSchedulerRunning
                0x20001140        0x4 ./FreeRTOS/src/tasks.o
 .bss.uxPendedTicks
                0x20001144        0x4 ./FreeRTOS/src/tasks.o
 .bss.xYieldPending
                0x20001148        0x4 ./FreeRTOS/src/tasks.o
 .bss.xNumOfOverflows
                0x2000114c        0x4 ./FreeRTOS/src/tasks.o
 .bss.uxTaskNumber
                0x20001150        0x4 ./FreeRTOS/src/tasks.o
 .bss.uxSchedulerSuspended
                0x20001154        0x4 ./FreeRTOS/src/tasks.o
 .bss.__malloc_sbrk_start
                0x20001158        0x4 c:/freescale/kds_v3/toolchain/bin/../lib/gcc/arm-none-eabi/4.8.4/../../../../arm-none-eabi/lib/armv6-m\libg_s.a(lib_a-nano-mallocr.o)
                0x20001158                __malloc_sbrk_start
 .bss.__malloc_free_list
                0x2000115c        0x4 c:/freescale/kds_v3/toolchain/bin/../lib/gcc/arm-none-eabi/4.8.4/../../../../arm-none-eabi/lib/armv6-m\libg_s.a(lib_a-nano-mallocr.o)
                0x2000115c                __malloc_free_list
 .bss.heap_end.4246
                0x20001160        0x4 c:/freescale/kds_v3/toolchain/bin/../lib/gcc/arm-none-eabi/4.8.4/../../../../arm-none-eabi/lib/armv6-m\libnosys.a(sbrk.o)
 *(COMMON)
 COMMON         0x20001164       0x24 ./Sources/model_fm_tuner.o
                0x20001164                freq
                0x20001168                buf
 COMMON         0x20001188        0x4 c:/freescale/kds_v3/toolchain/bin/../lib/gcc/arm-none-eabi/4.8.4/../../../../arm-none-eabi/lib/armv6-m\libg_s.a(lib_a-reent.o)
                0x20001188                errno
                0x2000118c                . = ALIGN (0x4)
                0x2000118c                __bss_end__ = .
                0x2000118c                __END_BSS = .

.heap           0x2000118c      0x404 load address 0x000064a0
                0x20001190                . = ALIGN (0x8)
 *fill*         0x2000118c        0x4 
                0x20001190                __end__ = .
                0x20001190                PROVIDE (end, .)
                0x20001190                __HeapBase = .
                0x20001590                . = (. + HEAP_SIZE)
 *fill*         0x20001190      0x400 
                0x20001590                __HeapLimit = .

.stack          0x20001590      0x400 load address 0x000068a4
                0x20001590                . = ALIGN (0x8)
                0x20001990                . = (. + STACK_SIZE)
 *fill*         0x20001590      0x400 
                0x20003000                __StackTop = (ORIGIN (m_data) + 0x4000)
                0x20002c00                __StackLimit = (__StackTop - STACK_SIZE)
                0x20003000                PROVIDE (__stack, __StackTop)

.ARM.attributes
                0x00000000       0x28
 *(.ARM.attributes)
 .ARM.attributes
                0x00000000       0x1e c:/freescale/kds_v3/toolchain/bin/../lib/gcc/arm-none-eabi/4.8.4/armv6-m/crti.o
 .ARM.attributes
                0x0000001e       0x2c c:/freescale/kds_v3/toolchain/bin/../lib/gcc/arm-none-eabi/4.8.4/armv6-m/crtbegin.o
 .ARM.attributes
                0x0000004a       0x1b c:/freescale/kds_v3/toolchain/bin/../lib/gcc/arm-none-eabi/4.8.4/../../../../arm-none-eabi/lib/armv6-m/crt0.o
 .ARM.attributes
                0x00000065       0x32 ./Sources/I2C_MKL25Z4.o
 .ARM.attributes
                0x00000097       0x32 ./Sources/drv_lcd.o
 .ARM.attributes
                0x000000c9       0x32 ./Sources/model_fm_tuner.o
 .ARM.attributes
                0x000000fb       0x32 ./Project_Settings/Startup_Code/system_MKL25Z4.o
 .ARM.attributes
                0x0000012d       0x32 ./KSDK/hal/fsl_i2c_hal.o
 .ARM.attributes
                0x0000015f       0x32 ./FreeRTOS/src/heap_2.o
 .ARM.attributes
                0x00000191       0x32 ./FreeRTOS/src/list.o
 .ARM.attributes
                0x000001c3       0x32 ./FreeRTOS/src/tasks.o
 .ARM.attributes
                0x000001f5       0x32 ./FreeRTOS/port/port.o
 .ARM.attributes
                0x00000227       0x1b ./FreeRTOS/startup_MKL25Z4.o
 .ARM.attributes
                0x00000242       0x1e c:/freescale/kds_v3/toolchain/bin/../lib/gcc/arm-none-eabi/4.8.4/armv6-m\libgcc.a(_udivsi3.o)
 .ARM.attributes
                0x00000260       0x1e c:/freescale/kds_v3/toolchain/bin/../lib/gcc/arm-none-eabi/4.8.4/armv6-m\libgcc.a(_dvmd_tls.o)
 .ARM.attributes
                0x0000027e       0x2c c:/freescale/kds_v3/toolchain/bin/../lib/gcc/arm-none-eabi/4.8.4/../../../../arm-none-eabi/lib/armv6-m\libg_s.a(lib_a-assert.o)
 .ARM.attributes
                0x000002aa       0x2c c:/freescale/kds_v3/toolchain/bin/../lib/gcc/arm-none-eabi/4.8.4/../../../../arm-none-eabi/lib/armv6-m\libg_s.a(lib_a-exit.o)
 .ARM.attributes
                0x000002d6       0x2c c:/freescale/kds_v3/toolchain/bin/../lib/gcc/arm-none-eabi/4.8.4/../../../../arm-none-eabi/lib/armv6-m\libg_s.a(lib_a-fprintf.o)
 .ARM.attributes
                0x00000302       0x2c c:/freescale/kds_v3/toolchain/bin/../lib/gcc/arm-none-eabi/4.8.4/../../../../arm-none-eabi/lib/armv6-m\libg_s.a(lib_a-impure.o)
 .ARM.attributes
                0x0000032e       0x2c c:/freescale/kds_v3/toolchain/bin/../lib/gcc/arm-none-eabi/4.8.4/../../../../arm-none-eabi/lib/armv6-m\libg_s.a(lib_a-init.o)
 .ARM.attributes
                0x0000035a       0x2c c:/freescale/kds_v3/toolchain/bin/../lib/gcc/arm-none-eabi/4.8.4/../../../../arm-none-eabi/lib/armv6-m\libg_s.a(lib_a-memset.o)
 .ARM.attributes
                0x00000386       0x2c c:/freescale/kds_v3/toolchain/bin/../lib/gcc/arm-none-eabi/4.8.4/../../../../arm-none-eabi/lib/armv6-m\libg_s.a(lib_a-vfprintf.o)
 .ARM.attributes
                0x000003b2       0x2c c:/freescale/kds_v3/toolchain/bin/../lib/gcc/arm-none-eabi/4.8.4/../../../../arm-none-eabi/lib/armv6-m\libg_s.a(lib_a-vfprintf_i.o)
 .ARM.attributes
                0x000003de       0x2c c:/freescale/kds_v3/toolchain/bin/../lib/gcc/arm-none-eabi/4.8.4/../../../../arm-none-eabi/lib/armv6-m\libg_s.a(lib_a-wbuf.o)
 .ARM.attributes
                0x0000040a       0x2c c:/freescale/kds_v3/toolchain/bin/../lib/gcc/arm-none-eabi/4.8.4/../../../../arm-none-eabi/lib/armv6-m\libg_s.a(lib_a-wsetup.o)
 .ARM.attributes
                0x00000436       0x2c c:/freescale/kds_v3/toolchain/bin/../lib/gcc/arm-none-eabi/4.8.4/../../../../arm-none-eabi/lib/armv6-m\libg_s.a(lib_a-abort.o)
 .ARM.attributes
                0x00000462       0x2c c:/freescale/kds_v3/toolchain/bin/../lib/gcc/arm-none-eabi/4.8.4/../../../../arm-none-eabi/lib/armv6-m\libg_s.a(lib_a-fflush.o)
 .ARM.attributes
                0x0000048e       0x2c c:/freescale/kds_v3/toolchain/bin/../lib/gcc/arm-none-eabi/4.8.4/../../../../arm-none-eabi/lib/armv6-m\libg_s.a(lib_a-findfp.o)
 .ARM.attributes
                0x000004ba       0x2c c:/freescale/kds_v3/toolchain/bin/../lib/gcc/arm-none-eabi/4.8.4/../../../../arm-none-eabi/lib/armv6-m\libg_s.a(lib_a-makebuf.o)
 .ARM.attributes
                0x000004e6       0x2c c:/freescale/kds_v3/toolchain/bin/../lib/gcc/arm-none-eabi/4.8.4/../../../../arm-none-eabi/lib/armv6-m\libg_s.a(lib_a-memchr-stub.o)
 .ARM.attributes
                0x00000512       0x2c c:/freescale/kds_v3/toolchain/bin/../lib/gcc/arm-none-eabi/4.8.4/../../../../arm-none-eabi/lib/armv6-m\libg_s.a(lib_a-nano-freer.o)
 .ARM.attributes
                0x0000053e       0x2c c:/freescale/kds_v3/toolchain/bin/../lib/gcc/arm-none-eabi/4.8.4/../../../../arm-none-eabi/lib/armv6-m\libg_s.a(lib_a-nano-mallocr.o)
 .ARM.attributes
                0x0000056a       0x2c c:/freescale/kds_v3/toolchain/bin/../lib/gcc/arm-none-eabi/4.8.4/../../../../arm-none-eabi/lib/armv6-m\libg_s.a(lib_a-sbrkr.o)
 .ARM.attributes
                0x00000596       0x2c c:/freescale/kds_v3/toolchain/bin/../lib/gcc/arm-none-eabi/4.8.4/../../../../arm-none-eabi/lib/armv6-m\libg_s.a(lib_a-signal.o)
 .ARM.attributes
                0x000005c2       0x2c c:/freescale/kds_v3/toolchain/bin/../lib/gcc/arm-none-eabi/4.8.4/../../../../arm-none-eabi/lib/armv6-m\libg_s.a(lib_a-signalr.o)
 .ARM.attributes
                0x000005ee       0x2c c:/freescale/kds_v3/toolchain/bin/../lib/gcc/arm-none-eabi/4.8.4/../../../../arm-none-eabi/lib/armv6-m\libg_s.a(lib_a-stdio.o)
 .ARM.attributes
                0x0000061a       0x2c c:/freescale/kds_v3/toolchain/bin/../lib/gcc/arm-none-eabi/4.8.4/../../../../arm-none-eabi/lib/armv6-m\libg_s.a(lib_a-strlen.o)
 .ARM.attributes
                0x00000646       0x2c c:/freescale/kds_v3/toolchain/bin/../lib/gcc/arm-none-eabi/4.8.4/../../../../arm-none-eabi/lib/armv6-m\libg_s.a(lib_a-writer.o)
 .ARM.attributes
                0x00000672       0x2c c:/freescale/kds_v3/toolchain/bin/../lib/gcc/arm-none-eabi/4.8.4/../../../../arm-none-eabi/lib/armv6-m\libg_s.a(lib_a-closer.o)
 .ARM.attributes
                0x0000069e       0x2c c:/freescale/kds_v3/toolchain/bin/../lib/gcc/arm-none-eabi/4.8.4/../../../../arm-none-eabi/lib/armv6-m\libg_s.a(lib_a-fstatr.o)
 .ARM.attributes
                0x000006ca       0x2c c:/freescale/kds_v3/toolchain/bin/../lib/gcc/arm-none-eabi/4.8.4/../../../../arm-none-eabi/lib/armv6-m\libg_s.a(lib_a-isattyr.o)
 .ARM.attributes
                0x000006f6       0x2c c:/freescale/kds_v3/toolchain/bin/../lib/gcc/arm-none-eabi/4.8.4/../../../../arm-none-eabi/lib/armv6-m\libg_s.a(lib_a-lseekr.o)
 .ARM.attributes
                0x00000722       0x2c c:/freescale/kds_v3/toolchain/bin/../lib/gcc/arm-none-eabi/4.8.4/../../../../arm-none-eabi/lib/armv6-m\libg_s.a(lib_a-readr.o)
 .ARM.attributes
                0x0000074e       0x2c c:/freescale/kds_v3/toolchain/bin/../lib/gcc/arm-none-eabi/4.8.4/../../../../arm-none-eabi/lib/armv6-m\libg_s.a(lib_a-reent.o)
 .ARM.attributes
                0x0000077a       0x2c c:/freescale/kds_v3/toolchain/bin/../lib/gcc/arm-none-eabi/4.8.4/../../../../arm-none-eabi/lib/armv6-m\libnosys.a(close.o)
 .ARM.attributes
                0x000007a6       0x2c c:/freescale/kds_v3/toolchain/bin/../lib/gcc/arm-none-eabi/4.8.4/../../../../arm-none-eabi/lib/armv6-m\libnosys.a(fstat.o)
 .ARM.attributes
                0x000007d2       0x2c c:/freescale/kds_v3/toolchain/bin/../lib/gcc/arm-none-eabi/4.8.4/../../../../arm-none-eabi/lib/armv6-m\libnosys.a(getpid.o)
 .ARM.attributes
                0x000007fe       0x2c c:/freescale/kds_v3/toolchain/bin/../lib/gcc/arm-none-eabi/4.8.4/../../../../arm-none-eabi/lib/armv6-m\libnosys.a(isatty.o)
 .ARM.attributes
                0x0000082a       0x2c c:/freescale/kds_v3/toolchain/bin/../lib/gcc/arm-none-eabi/4.8.4/../../../../arm-none-eabi/lib/armv6-m\libnosys.a(kill.o)
 .ARM.attributes
                0x00000856       0x2c c:/freescale/kds_v3/toolchain/bin/../lib/gcc/arm-none-eabi/4.8.4/../../../../arm-none-eabi/lib/armv6-m\libnosys.a(lseek.o)
 .ARM.attributes
                0x00000882       0x2c c:/freescale/kds_v3/toolchain/bin/../lib/gcc/arm-none-eabi/4.8.4/../../../../arm-none-eabi/lib/armv6-m\libnosys.a(read.o)
 .ARM.attributes
                0x000008ae       0x2c c:/freescale/kds_v3/toolchain/bin/../lib/gcc/arm-none-eabi/4.8.4/../../../../arm-none-eabi/lib/armv6-m\libnosys.a(sbrk.o)
 .ARM.attributes
                0x000008da       0x2c c:/freescale/kds_v3/toolchain/bin/../lib/gcc/arm-none-eabi/4.8.4/../../../../arm-none-eabi/lib/armv6-m\libnosys.a(write.o)
 .ARM.attributes
                0x00000906       0x2c c:/freescale/kds_v3/toolchain/bin/../lib/gcc/arm-none-eabi/4.8.4/../../../../arm-none-eabi/lib/armv6-m\libnosys.a(_exit.o)
 .ARM.attributes
                0x00000932       0x2c c:/freescale/kds_v3/toolchain/bin/../lib/gcc/arm-none-eabi/4.8.4/armv6-m/crtend.o
 .ARM.attributes
                0x0000095e       0x1e c:/freescale/kds_v3/toolchain/bin/../lib/gcc/arm-none-eabi/4.8.4/armv6-m/crtn.o
                0x00000001                ASSERT ((__StackLimit >= __HeapLimit), region m_data overflowed with stack and heap)
OUTPUT(model_fm_tuner.elf elf32-littlearm)

.debug_info     0x00000000     0x47b7
 .debug_info    0x00000000     0x159b ./Sources/I2C_MKL25Z4.o
 .debug_info    0x0000159b      0x68f ./Sources/drv_lcd.o
 .debug_info    0x00001c2a      0x5d1 ./Sources/model_fm_tuner.o
 .debug_info    0x000021fb      0x664 ./Project_Settings/Startup_Code/system_MKL25Z4.o
 .debug_info    0x0000285f      0x86e ./KSDK/hal/fsl_i2c_hal.o
 .debug_info    0x000030cd      0x2dc ./FreeRTOS/src/heap_2.o
 .debug_info    0x000033a9      0x29d ./FreeRTOS/src/list.o
 .debug_info    0x00003646      0xe8d ./FreeRTOS/src/tasks.o
 .debug_info    0x000044d3      0x213 ./FreeRTOS/port/port.o
 .debug_info    0x000046e6       0xd1 ./FreeRTOS/startup_MKL25Z4.o

.debug_abbrev   0x00000000      0xf1b
 .debug_abbrev  0x00000000      0x2f3 ./Sources/I2C_MKL25Z4.o
 .debug_abbrev  0x000002f3      0x1e0 ./Sources/drv_lcd.o
 .debug_abbrev  0x000004d3      0x1a9 ./Sources/model_fm_tuner.o
 .debug_abbrev  0x0000067c      0x121 ./Project_Settings/Startup_Code/system_MKL25Z4.o
 .debug_abbrev  0x0000079d      0x235 ./KSDK/hal/fsl_i2c_hal.o
 .debug_abbrev  0x000009d2      0x153 ./FreeRTOS/src/heap_2.o
 .debug_abbrev  0x00000b25       0xbf ./FreeRTOS/src/list.o
 .debug_abbrev  0x00000be4      0x21c ./FreeRTOS/src/tasks.o
 .debug_abbrev  0x00000e00      0x107 ./FreeRTOS/port/port.o
 .debug_abbrev  0x00000f07       0x14 ./FreeRTOS/startup_MKL25Z4.o

.debug_aranges  0x00000000      0x600
 .debug_aranges
                0x00000000      0x190 ./Sources/I2C_MKL25Z4.o
 .debug_aranges
                0x00000190       0xd0 ./Sources/drv_lcd.o
 .debug_aranges
                0x00000260       0x50 ./Sources/model_fm_tuner.o
 .debug_aranges
                0x000002b0       0x28 ./Project_Settings/Startup_Code/system_MKL25Z4.o
 .debug_aranges
                0x000002d8       0xb8 ./KSDK/hal/fsl_i2c_hal.o
 .debug_aranges
                0x00000390       0x40 ./FreeRTOS/src/heap_2.o
 .debug_aranges
                0x000003d0       0x40 ./FreeRTOS/src/list.o
 .debug_aranges
                0x00000410      0x150 ./FreeRTOS/src/tasks.o
 .debug_aranges
                0x00000560       0x80 ./FreeRTOS/port/port.o
 .debug_aranges
                0x000005e0       0x20 ./FreeRTOS/startup_MKL25Z4.o

.debug_ranges   0x00000000      0x550
 .debug_ranges  0x00000000      0x180 ./Sources/I2C_MKL25Z4.o
 .debug_ranges  0x00000180       0xc0 ./Sources/drv_lcd.o
 .debug_ranges  0x00000240       0x40 ./Sources/model_fm_tuner.o
 .debug_ranges  0x00000280       0x18 ./Project_Settings/Startup_Code/system_MKL25Z4.o
 .debug_ranges  0x00000298       0xa8 ./KSDK/hal/fsl_i2c_hal.o
 .debug_ranges  0x00000340       0x30 ./FreeRTOS/src/heap_2.o
 .debug_ranges  0x00000370       0x30 ./FreeRTOS/src/list.o
 .debug_ranges  0x000003a0      0x140 ./FreeRTOS/src/tasks.o
 .debug_ranges  0x000004e0       0x70 ./FreeRTOS/port/port.o

.debug_macro    0x00000000    0x13c92
 .debug_macro   0x00000000      0x1e2 ./Sources/I2C_MKL25Z4.o
 .debug_macro   0x000001e2      0x808 ./Sources/I2C_MKL25Z4.o
 .debug_macro   0x000009ea       0x58 ./Sources/I2C_MKL25Z4.o
 .debug_macro   0x00000a42       0x16 ./Sources/I2C_MKL25Z4.o
 .debug_macro   0x00000a58       0x35 ./Sources/I2C_MKL25Z4.o
 .debug_macro   0x00000a8d       0xa3 ./Sources/I2C_MKL25Z4.o
 .debug_macro   0x00000b30      0x166 ./Sources/I2C_MKL25Z4.o
 .debug_macro   0x00000c96       0x4a ./Sources/I2C_MKL25Z4.o
 .debug_macro   0x00000ce0       0x52 ./Sources/I2C_MKL25Z4.o
 .debug_macro   0x00000d32       0x16 ./Sources/I2C_MKL25Z4.o
 .debug_macro   0x00000d48       0x43 ./Sources/I2C_MKL25Z4.o
 .debug_macro   0x00000d8b      0x180 ./Sources/I2C_MKL25Z4.o
 .debug_macro   0x00000f0b      0x2a6 ./Sources/I2C_MKL25Z4.o
 .debug_macro   0x000011b1       0x10 ./Sources/I2C_MKL25Z4.o
 .debug_macro   0x000011c1       0x35 ./Sources/I2C_MKL25Z4.o
 .debug_macro   0x000011f6       0x16 ./Sources/I2C_MKL25Z4.o
 .debug_macro   0x0000120c      0x20f ./Sources/I2C_MKL25Z4.o
 .debug_macro   0x0000141b       0x3a ./Sources/I2C_MKL25Z4.o
 .debug_macro   0x00001455       0x3a ./Sources/I2C_MKL25Z4.o
 .debug_macro   0x0000148f       0x26 ./Sources/I2C_MKL25Z4.o
 .debug_macro   0x000014b5      0x306 ./Sources/I2C_MKL25Z4.o
 .debug_macro   0x000017bb       0xb7 ./Sources/I2C_MKL25Z4.o
 .debug_macro   0x00001872     0x839f ./Sources/I2C_MKL25Z4.o
 .debug_macro   0x00009c11       0x22 ./Sources/I2C_MKL25Z4.o
 .debug_macro   0x00009c33       0x34 ./Sources/I2C_MKL25Z4.o
 .debug_macro   0x00009c67       0x7c ./Sources/I2C_MKL25Z4.o
 .debug_macro   0x00009ce3       0x46 ./Sources/I2C_MKL25Z4.o
 .debug_macro   0x00009d29       0x16 ./Sources/I2C_MKL25Z4.o
 .debug_macro   0x00009d3f       0x16 ./Sources/I2C_MKL25Z4.o
 .debug_macro   0x00009d55       0x22 ./Sources/I2C_MKL25Z4.o
 .debug_macro   0x00009d77       0x7c ./Sources/I2C_MKL25Z4.o
 .debug_macro   0x00009df3     0x764c ./Sources/I2C_MKL25Z4.o
 .debug_macro   0x0001143f      0xe58 ./Sources/I2C_MKL25Z4.o
 .debug_macro   0x00012297       0x74 ./Sources/I2C_MKL25Z4.o
 .debug_macro   0x0001230b       0x46 ./Sources/I2C_MKL25Z4.o
 .debug_macro   0x00012351      0x16b ./Sources/drv_lcd.o
 .debug_macro   0x000124bc       0x44 ./Sources/drv_lcd.o
 .debug_macro   0x00012500      0x209 ./Sources/drv_lcd.o
 .debug_macro   0x00012709      0x15d ./Sources/model_fm_tuner.o
 .debug_macro   0x00012866       0x46 ./Sources/model_fm_tuner.o
 .debug_macro   0x000128ac      0x212 ./Sources/model_fm_tuner.o
 .debug_macro   0x00012abe       0x40 ./Sources/model_fm_tuner.o
 .debug_macro   0x00012afe       0xd5 ./Sources/model_fm_tuner.o
 .debug_macro   0x00012bd3       0x12 ./Sources/model_fm_tuner.o
 .debug_macro   0x00012be5       0x1f ./Sources/model_fm_tuner.o
 .debug_macro   0x00012c04       0x79 ./Sources/model_fm_tuner.o
 .debug_macro   0x00012c7d       0x69 ./Sources/model_fm_tuner.o
 .debug_macro   0x00012ce6      0x314 ./Sources/model_fm_tuner.o
 .debug_macro   0x00012ffa       0xb0 ./Sources/model_fm_tuner.o
 .debug_macro   0x000130aa       0x7e ./Sources/model_fm_tuner.o
 .debug_macro   0x00013128       0x7e ./Project_Settings/Startup_Code/system_MKL25Z4.o
 .debug_macro   0x000131a6       0x4c ./Project_Settings/Startup_Code/system_MKL25Z4.o
 .debug_macro   0x000131f2      0x170 ./KSDK/hal/fsl_i2c_hal.o
 .debug_macro   0x00013362      0x10e ./KSDK/hal/fsl_i2c_hal.o
 .debug_macro   0x00013470       0x7f ./KSDK/hal/fsl_i2c_hal.o
 .debug_macro   0x000134ef       0x34 ./KSDK/hal/fsl_i2c_hal.o
 .debug_macro   0x00013523      0x162 ./FreeRTOS/src/heap_2.o
 .debug_macro   0x00013685      0x143 ./FreeRTOS/src/list.o
 .debug_macro   0x000137c8      0x1f8 ./FreeRTOS/src/tasks.o
 .debug_macro   0x000139c0       0x16 ./FreeRTOS/src/tasks.o
 .debug_macro   0x000139d6      0x18f ./FreeRTOS/port/port.o
 .debug_macro   0x00013b65       0xcf ./FreeRTOS/port/port.o
 .debug_macro   0x00013c34       0x18 ./FreeRTOS/port/port.o
 .debug_macro   0x00013c4c       0x46 ./FreeRTOS/port/port.o

.debug_line     0x00000000     0x3148
 .debug_line    0x00000000      0x94a ./Sources/I2C_MKL25Z4.o
 .debug_line    0x0000094a      0x44d ./Sources/drv_lcd.o
 .debug_line    0x00000d97      0x4d0 ./Sources/model_fm_tuner.o
 .debug_line    0x00001267      0x27b ./Project_Settings/Startup_Code/system_MKL25Z4.o
 .debug_line    0x000014e2      0x60e ./KSDK/hal/fsl_i2c_hal.o
 .debug_line    0x00001af0      0x3de ./FreeRTOS/src/heap_2.o
 .debug_line    0x00001ece      0x3a1 ./FreeRTOS/src/list.o
 .debug_line    0x0000226f      0xabb ./FreeRTOS/src/tasks.o
 .debug_line    0x00002d2a      0x383 ./FreeRTOS/port/port.o
 .debug_line    0x000030ad       0x9b ./FreeRTOS/startup_MKL25Z4.o

.debug_str      0x00000000    0xa3667
 .debug_str     0x00000000    0x9c49f ./Sources/I2C_MKL25Z4.o
                              0x9cae0 (size before relaxing)
 .debug_str     0x0009c49f      0x8b3 ./Sources/drv_lcd.o
                              0x328e4 (size before relaxing)
 .debug_str     0x0009cd52     0x3ef7 ./Sources/model_fm_tuner.o
                              0x36979 (size before relaxing)
 .debug_str     0x000a0c49       0xee ./Project_Settings/Startup_Code/system_MKL25Z4.o
                              0x322c5 (size before relaxing)
 .debug_str     0x000a0d37      0x5ab ./KSDK/hal/fsl_i2c_hal.o
                              0x9ad5a (size before relaxing)
 .debug_str     0x000a12e2      0x3d1 ./FreeRTOS/src/heap_2.o
                               0x7418 (size before relaxing)
 .debug_str     0x000a16b3      0x157 ./FreeRTOS/src/list.o
                               0x719a (size before relaxing)
 .debug_str     0x000a180a     0x14ea ./FreeRTOS/src/tasks.o
                               0x95a4 (size before relaxing)
 .debug_str     0x000a2cf4      0x973 ./FreeRTOS/port/port.o
                               0x6663 (size before relaxing)

.comment        0x00000000       0x70
 .comment       0x00000000       0x70 ./Sources/I2C_MKL25Z4.o
                                 0x71 (size before relaxing)
 .comment       0x00000000       0x71 ./Sources/drv_lcd.o
 .comment       0x00000000       0x71 ./Sources/model_fm_tuner.o
 .comment       0x00000000       0x71 ./Project_Settings/Startup_Code/system_MKL25Z4.o
 .comment       0x00000000       0x71 ./KSDK/hal/fsl_i2c_hal.o
 .comment       0x00000000       0x71 ./FreeRTOS/src/heap_2.o
 .comment       0x00000000       0x71 ./FreeRTOS/src/list.o
 .comment       0x00000000       0x71 ./FreeRTOS/src/tasks.o
 .comment       0x00000000       0x71 ./FreeRTOS/port/port.o

.debug_frame    0x00000000     0x1db4
 .debug_frame   0x00000000      0x5dc ./Sources/I2C_MKL25Z4.o
 .debug_frame   0x000005dc      0x2cc ./Sources/drv_lcd.o
 .debug_frame   0x000008a8       0xf0 ./Sources/model_fm_tuner.o
 .debug_frame   0x00000998       0x4c ./Project_Settings/Startup_Code/system_MKL25Z4.o
 .debug_frame   0x000009e4      0x290 ./KSDK/hal/fsl_i2c_hal.o
 .debug_frame   0x00000c74       0xa8 ./FreeRTOS/src/heap_2.o
 .debug_frame   0x00000d1c       0xb0 ./FreeRTOS/src/list.o
 .debug_frame   0x00000dcc      0x4dc ./FreeRTOS/src/tasks.o
 .debug_frame   0x000012a8      0x16c ./FreeRTOS/port/port.o
 .debug_frame   0x00001414       0x20 c:/freescale/kds_v3/toolchain/bin/../lib/gcc/arm-none-eabi/4.8.4/armv6-m\libgcc.a(_udivsi3.o)
 .debug_frame   0x00001434       0x4c c:/freescale/kds_v3/toolchain/bin/../lib/gcc/arm-none-eabi/4.8.4/../../../../arm-none-eabi/lib/armv6-m\libg_s.a(lib_a-assert.o)
 .debug_frame   0x00001480       0x28 c:/freescale/kds_v3/toolchain/bin/../lib/gcc/arm-none-eabi/4.8.4/../../../../arm-none-eabi/lib/armv6-m\libg_s.a(lib_a-exit.o)
 .debug_frame   0x000014a8       0x4c c:/freescale/kds_v3/toolchain/bin/../lib/gcc/arm-none-eabi/4.8.4/../../../../arm-none-eabi/lib/armv6-m\libg_s.a(lib_a-fprintf.o)
 .debug_frame   0x000014f4       0x2c c:/freescale/kds_v3/toolchain/bin/../lib/gcc/arm-none-eabi/4.8.4/../../../../arm-none-eabi/lib/armv6-m\libg_s.a(lib_a-init.o)
 .debug_frame   0x00001520       0x20 c:/freescale/kds_v3/toolchain/bin/../lib/gcc/arm-none-eabi/4.8.4/../../../../arm-none-eabi/lib/armv6-m\libg_s.a(lib_a-memset.o)
 .debug_frame   0x00001540       0xa0 c:/freescale/kds_v3/toolchain/bin/../lib/gcc/arm-none-eabi/4.8.4/../../../../arm-none-eabi/lib/armv6-m\libg_s.a(lib_a-vfprintf.o)
 .debug_frame   0x000015e0       0x54 c:/freescale/kds_v3/toolchain/bin/../lib/gcc/arm-none-eabi/4.8.4/../../../../arm-none-eabi/lib/armv6-m\libg_s.a(lib_a-vfprintf_i.o)
 .debug_frame   0x00001634       0x44 c:/freescale/kds_v3/toolchain/bin/../lib/gcc/arm-none-eabi/4.8.4/../../../../arm-none-eabi/lib/armv6-m\libg_s.a(lib_a-wbuf.o)
 .debug_frame   0x00001678       0x2c c:/freescale/kds_v3/toolchain/bin/../lib/gcc/arm-none-eabi/4.8.4/../../../../arm-none-eabi/lib/armv6-m\libg_s.a(lib_a-wsetup.o)
 .debug_frame   0x000016a4       0x28 c:/freescale/kds_v3/toolchain/bin/../lib/gcc/arm-none-eabi/4.8.4/../../../../arm-none-eabi/lib/armv6-m\libg_s.a(lib_a-abort.o)
 .debug_frame   0x000016cc       0x68 c:/freescale/kds_v3/toolchain/bin/../lib/gcc/arm-none-eabi/4.8.4/../../../../arm-none-eabi/lib/armv6-m\libg_s.a(lib_a-fflush.o)
 .debug_frame   0x00001734      0x148 c:/freescale/kds_v3/toolchain/bin/../lib/gcc/arm-none-eabi/4.8.4/../../../../arm-none-eabi/lib/armv6-m\libg_s.a(lib_a-findfp.o)
 .debug_frame   0x0000187c       0x30 c:/freescale/kds_v3/toolchain/bin/../lib/gcc/arm-none-eabi/4.8.4/../../../../arm-none-eabi/lib/armv6-m\libg_s.a(lib_a-makebuf.o)
 .debug_frame   0x000018ac       0x20 c:/freescale/kds_v3/toolchain/bin/../lib/gcc/arm-none-eabi/4.8.4/../../../../arm-none-eabi/lib/armv6-m\libg_s.a(lib_a-memchr-stub.o)
 .debug_frame   0x000018cc       0x2c c:/freescale/kds_v3/toolchain/bin/../lib/gcc/arm-none-eabi/4.8.4/../../../../arm-none-eabi/lib/armv6-m\libg_s.a(lib_a-nano-freer.o)
 .debug_frame   0x000018f8       0x2c c:/freescale/kds_v3/toolchain/bin/../lib/gcc/arm-none-eabi/4.8.4/../../../../arm-none-eabi/lib/armv6-m\libg_s.a(lib_a-nano-mallocr.o)
 .debug_frame   0x00001924       0x2c c:/freescale/kds_v3/toolchain/bin/../lib/gcc/arm-none-eabi/4.8.4/../../../../arm-none-eabi/lib/armv6-m\libg_s.a(lib_a-sbrkr.o)
 .debug_frame   0x00001950       0xe0 c:/freescale/kds_v3/toolchain/bin/../lib/gcc/arm-none-eabi/4.8.4/../../../../arm-none-eabi/lib/armv6-m\libg_s.a(lib_a-signal.o)
 .debug_frame   0x00001a30       0x44 c:/freescale/kds_v3/toolchain/bin/../lib/gcc/arm-none-eabi/4.8.4/../../../../arm-none-eabi/lib/armv6-m\libg_s.a(lib_a-signalr.o)
 .debug_frame   0x00001a74       0x90 c:/freescale/kds_v3/toolchain/bin/../lib/gcc/arm-none-eabi/4.8.4/../../../../arm-none-eabi/lib/armv6-m\libg_s.a(lib_a-stdio.o)
 .debug_frame   0x00001b04       0x20 c:/freescale/kds_v3/toolchain/bin/../lib/gcc/arm-none-eabi/4.8.4/../../../../arm-none-eabi/lib/armv6-m\libg_s.a(lib_a-strlen.o)
 .debug_frame   0x00001b24       0x2c c:/freescale/kds_v3/toolchain/bin/../lib/gcc/arm-none-eabi/4.8.4/../../../../arm-none-eabi/lib/armv6-m\libg_s.a(lib_a-writer.o)
 .debug_frame   0x00001b50       0x2c c:/freescale/kds_v3/toolchain/bin/../lib/gcc/arm-none-eabi/4.8.4/../../../../arm-none-eabi/lib/armv6-m\libg_s.a(lib_a-closer.o)
 .debug_frame   0x00001b7c       0x2c c:/freescale/kds_v3/toolchain/bin/../lib/gcc/arm-none-eabi/4.8.4/../../../../arm-none-eabi/lib/armv6-m\libg_s.a(lib_a-fstatr.o)
 .debug_frame   0x00001ba8       0x2c c:/freescale/kds_v3/toolchain/bin/../lib/gcc/arm-none-eabi/4.8.4/../../../../arm-none-eabi/lib/armv6-m\libg_s.a(lib_a-isattyr.o)
 .debug_frame   0x00001bd4       0x2c c:/freescale/kds_v3/toolchain/bin/../lib/gcc/arm-none-eabi/4.8.4/../../../../arm-none-eabi/lib/armv6-m\libg_s.a(lib_a-lseekr.o)
 .debug_frame   0x00001c00       0x2c c:/freescale/kds_v3/toolchain/bin/../lib/gcc/arm-none-eabi/4.8.4/../../../../arm-none-eabi/lib/armv6-m\libg_s.a(lib_a-readr.o)
 .debug_frame   0x00001c2c       0x48 c:/freescale/kds_v3/toolchain/bin/../lib/gcc/arm-none-eabi/4.8.4/../../../../arm-none-eabi/lib/armv6-m\libg_s.a(lib_a-reent.o)
 .debug_frame   0x00001c74       0x20 c:/freescale/kds_v3/toolchain/bin/../lib/gcc/arm-none-eabi/4.8.4/../../../../arm-none-eabi/lib/armv6-m\libnosys.a(close.o)
 .debug_frame   0x00001c94       0x20 c:/freescale/kds_v3/toolchain/bin/../lib/gcc/arm-none-eabi/4.8.4/../../../../arm-none-eabi/lib/armv6-m\libnosys.a(fstat.o)
 .debug_frame   0x00001cb4       0x20 c:/freescale/kds_v3/toolchain/bin/../lib/gcc/arm-none-eabi/4.8.4/../../../../arm-none-eabi/lib/armv6-m\libnosys.a(getpid.o)
 .debug_frame   0x00001cd4       0x20 c:/freescale/kds_v3/toolchain/bin/../lib/gcc/arm-none-eabi/4.8.4/../../../../arm-none-eabi/lib/armv6-m\libnosys.a(isatty.o)
 .debug_frame   0x00001cf4       0x20 c:/freescale/kds_v3/toolchain/bin/../lib/gcc/arm-none-eabi/4.8.4/../../../../arm-none-eabi/lib/armv6-m\libnosys.a(kill.o)
 .debug_frame   0x00001d14       0x20 c:/freescale/kds_v3/toolchain/bin/../lib/gcc/arm-none-eabi/4.8.4/../../../../arm-none-eabi/lib/armv6-m\libnosys.a(lseek.o)
 .debug_frame   0x00001d34       0x20 c:/freescale/kds_v3/toolchain/bin/../lib/gcc/arm-none-eabi/4.8.4/../../../../arm-none-eabi/lib/armv6-m\libnosys.a(read.o)
 .debug_frame   0x00001d54       0x20 c:/freescale/kds_v3/toolchain/bin/../lib/gcc/arm-none-eabi/4.8.4/../../../../arm-none-eabi/lib/armv6-m\libnosys.a(sbrk.o)
 .debug_frame   0x00001d74       0x20 c:/freescale/kds_v3/toolchain/bin/../lib/gcc/arm-none-eabi/4.8.4/../../../../arm-none-eabi/lib/armv6-m\libnosys.a(write.o)
 .debug_frame   0x00001d94       0x20 c:/freescale/kds_v3/toolchain/bin/../lib/gcc/arm-none-eabi/4.8.4/../../../../arm-none-eabi/lib/armv6-m\libnosys.a(_exit.o)

.stab           0x00000000       0xcc
 .stab          0x00000000       0x24 c:/freescale/kds_v3/toolchain/bin/../lib/gcc/arm-none-eabi/4.8.4/../../../../arm-none-eabi/lib/armv6-m\libnosys.a(close.o)
 .stab          0x00000024       0x18 c:/freescale/kds_v3/toolchain/bin/../lib/gcc/arm-none-eabi/4.8.4/../../../../arm-none-eabi/lib/armv6-m\libnosys.a(fstat.o)
                                 0x24 (size before relaxing)
 .stab          0x0000003c       0x18 c:/freescale/kds_v3/toolchain/bin/../lib/gcc/arm-none-eabi/4.8.4/../../../../arm-none-eabi/lib/armv6-m\libnosys.a(getpid.o)
                                 0x24 (size before relaxing)
 .stab          0x00000054       0x18 c:/freescale/kds_v3/toolchain/bin/../lib/gcc/arm-none-eabi/4.8.4/../../../../arm-none-eabi/lib/armv6-m\libnosys.a(isatty.o)
                                 0x24 (size before relaxing)
 .stab          0x0000006c       0x18 c:/freescale/kds_v3/toolchain/bin/../lib/gcc/arm-none-eabi/4.8.4/../../../../arm-none-eabi/lib/armv6-m\libnosys.a(kill.o)
                                 0x24 (size before relaxing)
 .stab          0x00000084       0x18 c:/freescale/kds_v3/toolchain/bin/../lib/gcc/arm-none-eabi/4.8.4/../../../../arm-none-eabi/lib/armv6-m\libnosys.a(lseek.o)
                                 0x24 (size before relaxing)
 .stab          0x0000009c       0x18 c:/freescale/kds_v3/toolchain/bin/../lib/gcc/arm-none-eabi/4.8.4/../../../../arm-none-eabi/lib/armv6-m\libnosys.a(read.o)
                                 0x24 (size before relaxing)
 .stab          0x000000b4       0x18 c:/freescale/kds_v3/toolchain/bin/../lib/gcc/arm-none-eabi/4.8.4/../../../../arm-none-eabi/lib/armv6-m\libnosys.a(write.o)
                                 0x24 (size before relaxing)

.stabstr        0x00000000      0x1b9
 .stabstr       0x00000000      0x1b9 c:/freescale/kds_v3/toolchain/bin/../lib/gcc/arm-none-eabi/4.8.4/../../../../arm-none-eabi/lib/armv6-m\libnosys.a(close.o)
